antigen29|Q2FYP2|BA000018.3|mhcii|seq54	N_231661	84.21	19	3	0	1	19	223	241	4e-07	43.5
antigen29|Q2FYP2|BA000018.3|mhcii|seq55	N_231661	80.00	20	4	0	1	20	223	242	2e-07	44.3
antigen29|Q2FYP2|BA000018.3|mhcii|seq56	N_231661	80.95	21	4	0	1	21	223	243	8e-08	45.4
antigen29|Q2FYP2|BA000018.3|mhcii|seq57	N_231661	81.82	22	4	0	1	22	223	244	2e-08	47.0
antigen29|Q2FYP2|BA000018.3|mhcii|seq58	N_231661	82.61	23	4	0	1	23	223	245	6e-09	48.9
antigen29|Q2FYP2|BA000018.3|mhcii|seq59	N_231661	83.33	24	4	0	1	24	223	246	2e-09	50.4
antigen29|Q2FYP2|BA000018.3|mhcii|seq60	N_231661	84.00	25	4	0	1	25	223	247	4e-10	52.4
antigen29|Q2FYP2|BA000018.3|mhcii|seq133	N_231661	73.91	23	6	0	1	23	366	388	3e-07	44.3
antigen29|Q2FYP2|BA000018.3|mhcii|seq134	N_231661	75.00	24	6	0	1	24	366	389	8e-08	45.8
antigen29|Q2FYP2|BA000018.3|mhcii|seq135	N_231661	76.00	25	6	0	1	25	366	390	2e-08	47.8
antigen29|Q2FYP2|BA000018.3|mhcii|seq177	N_231661	86.36	22	3	0	1	22	190	211	2e-07	44.3
antigen29|Q2FYP2|BA000018.3|mhcii|seq178	N_231661	86.96	23	3	0	1	23	190	212	3e-08	46.6
antigen29|Q2FYP2|BA000018.3|mhcii|seq179	N_231661	87.50	24	3	0	1	24	190	213	3e-09	49.7
antigen29|Q2FYP2|BA000018.3|mhcii|seq180	N_231661	88.00	25	3	0	1	25	190	214	4e-10	52.4
antigen29|Q2FYP2|BA000018.3|mhcii|seq209	N_231661	91.67	24	2	0	1	24	274	297	8e-07	42.7
antigen29|Q2FYP2|BA000018.3|mhcii|seq210	N_231661	88.00	25	3	0	1	25	274	298	6e-07	43.1
antigen29|Q2FYP2|BA000018.3|mhcii|seq267	N_231661	86.36	22	3	0	1	22	458	479	6e-07	43.1
antigen29|Q2FYP2|BA000018.3|mhcii|seq268	N_231661	82.61	23	4	0	1	23	458	480	5e-07	43.5
antigen29|Q2FYP2|BA000018.3|mhcii|seq269	N_231661	83.33	24	4	0	1	24	458	481	6e-08	45.8
antigen29|Q2FYP2|BA000018.3|mhcii|seq270	N_231661	84.00	25	4	0	1	25	458	482	2e-08	47.8
antigen29|Q2FYP2|BA000018.3|mhcii|seq329	N_231661	79.17	24	5	0	1	24	167	190	4e-07	43.5
antigen29|Q2FYP2|BA000018.3|mhcii|seq330	N_231661	80.00	25	5	0	1	25	167	191	1e-07	45.4
antigen29|Q2FYP2|BA000018.3|mhcii|seq344	N_231661	95.65	23	1	0	1	23	270	292	7e-07	43.1
antigen29|Q2FYP2|BA000018.3|mhcii|seq345	N_231661	92.00	25	2	0	1	25	270	294	3e-07	44.3
antigen29|Q2FYP2|BA000018.3|mhcii|seq360	N_231661	88.00	25	3	0	1	25	276	300	4e-07	43.9
antigen29|Q2FYP2|BA000018.3|mhcii|seq373	N_231661	86.96	23	3	0	1	23	437	459	3e-07	43.9
antigen29|Q2FYP2|BA000018.3|mhcii|seq374	N_231661	83.33	24	4	0	1	24	437	460	1e-07	45.1
antigen29|Q2FYP2|BA000018.3|mhcii|seq375	N_231661	84.00	25	4	0	1	25	437	461	4e-08	46.6
antigen29|Q2FYP2|BA000018.3|mhcii|seq389	N_231661	87.50	24	3	0	1	24	282	305	2e-07	44.7
antigen29|Q2FYP2|BA000018.3|mhcii|seq390	N_231661	84.00	25	4	0	1	25	282	306	6e-08	46.2
antigen29|Q2FYP2|BA000018.3|mhcii|seq447	N_231661	81.82	22	4	0	1	22	448	469	2e-07	44.3
antigen29|Q2FYP2|BA000018.3|mhcii|seq448	N_231661	82.61	23	4	0	1	23	448	470	7e-08	45.8
antigen29|Q2FYP2|BA000018.3|mhcii|seq449	N_231661	83.33	24	4	0	1	24	448	471	2e-08	47.8
antigen29|Q2FYP2|BA000018.3|mhcii|seq450	N_231661	84.00	25	4	0	1	25	448	472	5e-09	49.3
antigen29|Q2FYP2|BA000018.3|mhcii|seq459	N_231661	84.21	19	3	0	1	19	219	237	9e-07	42.4
antigen29|Q2FYP2|BA000018.3|mhcii|seq460	N_231661	85.00	20	3	0	1	20	219	238	1e-07	45.1
antigen29|Q2FYP2|BA000018.3|mhcii|seq461	N_231661	85.71	21	3	0	1	21	219	239	2e-08	47.4
antigen29|Q2FYP2|BA000018.3|mhcii|seq462	N_231661	86.36	22	3	0	1	22	219	240	5e-10	52.0
antigen29|Q2FYP2|BA000018.3|mhcii|seq463	N_231661	86.96	23	3	0	1	23	219	241	6e-11	54.7
antigen29|Q2FYP2|BA000018.3|mhcii|seq464	N_231661	83.33	24	4	0	1	24	219	242	3e-11	55.5
antigen29|Q2FYP2|BA000018.3|mhcii|seq465	N_231661	84.00	25	4	0	1	25	219	243	9e-12	57.0
antigen29|Q2FYP2|BA000018.3|mhcii|seq474	N_231661	94.74	19	1	0	1	19	29	47	4e-07	43.5
antigen29|Q2FYP2|BA000018.3|mhcii|seq475	N_231661	95.00	20	1	0	1	20	29	48	1e-07	45.1
antigen29|Q2FYP2|BA000018.3|mhcii|seq476	N_231661	95.24	21	1	0	1	21	29	49	2e-08	47.4
antigen29|Q2FYP2|BA000018.3|mhcii|seq477	N_231661	95.45	22	1	0	1	22	29	50	4e-09	49.7
antigen29|Q2FYP2|BA000018.3|mhcii|seq478	N_231661	91.30	23	2	0	1	23	29	51	2e-09	50.1
antigen29|Q2FYP2|BA000018.3|mhcii|seq479	N_231661	87.50	24	3	0	1	24	29	52	1e-09	50.8
antigen29|Q2FYP2|BA000018.3|mhcii|seq480	N_231661	87.50	24	3	0	1	24	29	52	1e-09	50.8
antigen29|Q2FYP2|BA000018.3|mhcii|seq505	N_231661	85.00	20	3	0	1	20	295	314	2e-07	44.3
antigen29|Q2FYP2|BA000018.3|mhcii|seq506	N_231661	85.71	21	3	0	1	21	295	315	5e-08	46.2
antigen29|Q2FYP2|BA000018.3|mhcii|seq507	N_231661	86.36	22	3	0	1	22	295	316	6e-09	48.9
antigen29|Q2FYP2|BA000018.3|mhcii|seq508	N_231661	86.96	23	3	0	1	23	295	317	1e-09	50.8
antigen29|Q2FYP2|BA000018.3|mhcii|seq509	N_231661	87.50	24	3	0	1	24	295	318	3e-10	52.8
antigen29|Q2FYP2|BA000018.3|mhcii|seq510	N_231661	84.00	25	4	0	1	25	295	319	2e-10	53.1
antigen29|Q2FYP2|BA000018.3|mhcii|seq520	N_231661	95.00	20	1	0	1	20	110	129	4e-07	43.5
antigen29|Q2FYP2|BA000018.3|mhcii|seq521	N_231661	95.00	20	1	0	1	20	110	129	5e-07	43.5
antigen29|Q2FYP2|BA000018.3|mhcii|seq522	N_231661	90.91	22	2	0	1	22	110	131	1e-07	45.1
antigen29|Q2FYP2|BA000018.3|mhcii|seq523	N_231661	91.30	23	2	0	1	23	110	132	5e-08	46.2
antigen29|Q2FYP2|BA000018.3|mhcii|seq524	N_231661	87.50	24	3	0	1	24	110	133	3e-08	46.6
antigen29|Q2FYP2|BA000018.3|mhcii|seq525	N_231661	84.00	25	4	0	1	25	110	134	3e-08	47.4
antigen29|Q2FYP2|BA000018.3|mhcii|seq536	N_231661	80.95	21	4	0	1	21	372	392	6e-07	43.1
antigen29|Q2FYP2|BA000018.3|mhcii|seq537	N_231661	81.82	22	4	0	1	22	372	393	5e-07	43.5
antigen29|Q2FYP2|BA000018.3|mhcii|seq538	N_231661	78.26	23	5	0	1	23	372	394	2e-07	44.3
antigen29|Q2FYP2|BA000018.3|mhcii|seq539	N_231661	79.17	24	5	0	1	24	372	395	4e-08	46.6
antigen29|Q2FYP2|BA000018.3|mhcii|seq540	N_231661	80.00	25	5	0	1	25	372	396	1e-08	48.5
antigen29|Q2FYP2|BA000018.3|mhcii|seq551	N_231661	95.24	21	1	0	1	21	100	120	2e-07	44.3
antigen29|Q2FYP2|BA000018.3|mhcii|seq552	N_231661	95.45	22	1	0	1	22	100	121	9e-08	45.4
antigen29|Q2FYP2|BA000018.3|mhcii|seq553	N_231661	95.65	23	1	0	1	23	100	122	1e-08	48.1
antigen29|Q2FYP2|BA000018.3|mhcii|seq554	N_231661	95.83	24	1	0	1	24	100	123	2e-09	50.4
antigen29|Q2FYP2|BA000018.3|mhcii|seq555	N_231661	96.00	25	1	0	1	25	100	124	5e-10	52.0
antigen29|Q2FYP2|BA000018.3|mhcii|seq569	N_231661	75.00	24	6	0	1	24	180	203	4e-07	43.5
antigen29|Q2FYP2|BA000018.3|mhcii|seq570	N_231661	76.00	25	6	0	1	25	180	204	9e-08	45.4
antigen29|Q2FYP2|BA000018.3|mhcii|seq583	N_231661	86.96	23	3	0	1	23	464	486	2e-07	44.3
antigen29|Q2FYP2|BA000018.3|mhcii|seq584	N_231661	87.50	24	3	0	1	24	464	487	4e-08	46.6
antigen29|Q2FYP2|BA000018.3|mhcii|seq585	N_231661	84.00	25	4	0	1	25	464	488	2e-08	47.4
antigen29|Q2FYP2|BA000018.3|mhcii|seq599	N_231661	82.61	23	4	0	2	24	413	435	4e-07	43.5
antigen29|Q2FYP2|BA000018.3|mhcii|seq600	N_231661	83.33	24	4	0	2	25	413	436	1e-07	45.4
antigen29|Q2FYP2|BA000018.3|mhcii|seq640	N_231661	80.00	20	4	0	1	20	226	245	4e-07	43.5
antigen29|Q2FYP2|BA000018.3|mhcii|seq641	N_231661	80.95	21	4	0	1	21	226	246	1e-07	45.4
antigen29|Q2FYP2|BA000018.3|mhcii|seq642	N_231661	81.82	22	4	0	1	22	226	247	3e-08	47.0
antigen29|Q2FYP2|BA000018.3|mhcii|seq643	N_231661	81.82	22	4	0	1	22	226	247	4e-08	46.6
antigen29|Q2FYP2|BA000018.3|mhcii|seq644	N_231661	79.17	24	5	0	1	24	226	249	2e-08	47.4
antigen29|Q2FYP2|BA000018.3|mhcii|seq645	N_231661	76.00	25	6	0	1	25	226	250	1e-08	48.1
antigen29|Q2FYP2|BA000018.3|mhcii|seq659	N_231661	87.50	24	3	0	1	24	267	290	4e-07	43.9
antigen29|Q2FYP2|BA000018.3|mhcii|seq660	N_231661	88.00	25	3	0	1	25	267	291	1e-07	45.4
antigen29|Q2FYP2|BA000018.3|mhcii|seq670	N_231661	90.00	20	2	0	1	20	196	215	8e-07	42.7
antigen29|Q2FYP2|BA000018.3|mhcii|seq671	N_231661	90.48	21	2	0	1	21	196	216	2e-07	44.7
antigen29|Q2FYP2|BA000018.3|mhcii|seq672	N_231661	90.48	21	2	0	1	21	196	216	2e-07	44.3
antigen29|Q2FYP2|BA000018.3|mhcii|seq673	N_231661	86.96	23	3	0	1	23	196	218	6e-08	45.8
antigen29|Q2FYP2|BA000018.3|mhcii|seq674	N_231661	87.50	24	3	0	1	24	196	219	1e-09	51.2
antigen29|Q2FYP2|BA000018.3|mhcii|seq675	N_231661	88.00	25	3	0	1	25	196	220	2e-10	53.1
antigen29|Q2FYP2|BA000018.3|mhcii|seq686	N_231661	95.24	21	1	0	1	21	107	127	4e-07	43.5
antigen29|Q2FYP2|BA000018.3|mhcii|seq687	N_231661	95.45	22	1	0	1	22	107	128	8e-08	45.8
antigen29|Q2FYP2|BA000018.3|mhcii|seq688	N_231661	95.65	23	1	0	1	23	107	129	3e-09	49.7
antigen29|Q2FYP2|BA000018.3|mhcii|seq689	N_231661	95.65	23	1	0	1	23	107	129	3e-09	49.7
antigen29|Q2FYP2|BA000018.3|mhcii|seq690	N_231661	92.00	25	2	0	1	25	107	131	1e-09	50.8
antigen29|Q2FYP2|BA000018.3|mhcii|seq731	N_231661	90.48	21	2	0	1	21	112	132	7e-07	43.1
antigen29|Q2FYP2|BA000018.3|mhcii|seq732	N_231661	86.36	22	3	0	1	22	112	133	4e-07	43.5
antigen29|Q2FYP2|BA000018.3|mhcii|seq733	N_231661	82.61	23	4	0	1	23	112	134	3e-07	43.9
antigen29|Q2FYP2|BA000018.3|mhcii|seq734	N_231661	83.33	24	4	0	1	24	112	135	8e-08	45.8
antigen29|Q2FYP2|BA000018.3|mhcii|seq735	N_231661	84.00	25	4	0	1	25	112	136	2e-08	47.4
antigen29|Q2FYP2|BA000018.3|mhcii|seq779	N_231661	79.17	24	5	0	1	24	187	210	1e-07	45.4
antigen29|Q2FYP2|BA000018.3|mhcii|seq780	N_231661	80.00	25	5	0	1	25	187	211	2e-08	47.4
antigen29|Q2FYP2|BA000018.3|mhcii|seq790	N_231661	85.00	20	3	0	1	20	296	315	2e-07	44.3
antigen29|Q2FYP2|BA000018.3|mhcii|seq791	N_231661	85.71	21	3	0	1	21	296	316	3e-08	47.0
antigen29|Q2FYP2|BA000018.3|mhcii|seq792	N_231661	86.36	22	3	0	1	22	296	317	6e-09	48.9
antigen29|Q2FYP2|BA000018.3|mhcii|seq793	N_231661	86.96	23	3	0	1	23	296	318	1e-09	50.8
antigen29|Q2FYP2|BA000018.3|mhcii|seq794	N_231661	83.33	24	4	0	1	24	296	319	1e-09	51.2
antigen29|Q2FYP2|BA000018.3|mhcii|seq795	N_231661	84.00	25	4	0	1	25	296	320	3e-10	52.8
antigen29|Q2FYP2|BA000018.3|mhcii|seq834	N_231661	78.95	19	4	0	1	19	224	242	1e-06	42.4
antigen29|Q2FYP2|BA000018.3|mhcii|seq835	N_231661	80.00	20	4	0	1	20	224	243	3e-07	43.9
antigen29|Q2FYP2|BA000018.3|mhcii|seq836	N_231661	80.95	21	4	0	1	21	224	244	1e-07	45.4
antigen29|Q2FYP2|BA000018.3|mhcii|seq837	N_231661	81.82	22	4	0	1	22	224	245	2e-08	47.4
antigen29|Q2FYP2|BA000018.3|mhcii|seq838	N_231661	82.61	23	4	0	1	23	224	246	7e-09	48.9
antigen29|Q2FYP2|BA000018.3|mhcii|seq839	N_231661	83.33	24	4	0	1	24	224	247	2e-09	50.4
antigen29|Q2FYP2|BA000018.3|mhcii|seq840	N_231661	83.33	24	4	0	1	24	224	247	2e-09	50.4
antigen29|Q2FYP2|BA000018.3|mhcii|seq897	N_231661	77.27	22	5	0	1	22	390	411	2e-07	44.7
antigen29|Q2FYP2|BA000018.3|mhcii|seq898	N_231661	77.27	22	5	0	1	22	390	411	3e-07	44.3
antigen29|Q2FYP2|BA000018.3|mhcii|seq899	N_231661	75.00	24	6	0	1	24	390	413	6e-08	45.8
antigen29|Q2FYP2|BA000018.3|mhcii|seq900	N_231661	72.00	25	7	0	1	25	390	414	4e-08	46.6
antigen29|Q2FYP2|BA000018.3|mhcii|seq910	N_231661	90.00	20	2	0	1	20	202	221	9e-08	45.4
antigen29|Q2FYP2|BA000018.3|mhcii|seq911	N_231661	90.48	21	2	0	1	21	202	222	2e-08	47.0
antigen29|Q2FYP2|BA000018.3|mhcii|seq912	N_231661	90.91	22	2	0	1	22	202	223	7e-09	48.9
antigen29|Q2FYP2|BA000018.3|mhcii|seq913	N_231661	91.30	23	2	0	1	23	202	224	1e-09	51.2
antigen29|Q2FYP2|BA000018.3|mhcii|seq914	N_231661	91.67	24	2	0	1	24	202	225	3e-10	52.8
antigen29|Q2FYP2|BA000018.3|mhcii|seq915	N_231661	92.00	25	2	0	1	25	202	226	5e-11	55.1
antigen29|Q2FYP2|BA000018.3|mhcii|seq954	N_231661	89.47	19	2	0	1	19	211	229	6e-07	42.7
antigen29|Q2FYP2|BA000018.3|mhcii|seq955	N_231661	90.00	20	2	0	1	20	211	230	2e-07	44.7
antigen29|Q2FYP2|BA000018.3|mhcii|seq956	N_231661	85.71	21	3	0	1	21	211	231	1e-07	45.1
antigen29|Q2FYP2|BA000018.3|mhcii|seq957	N_231661	81.82	22	4	0	1	22	211	232	5e-08	46.2
antigen29|Q2FYP2|BA000018.3|mhcii|seq958	N_231661	82.61	23	4	0	1	23	211	233	5e-09	48.9
antigen29|Q2FYP2|BA000018.3|mhcii|seq959	N_231661	83.33	24	4	0	1	24	211	234	1e-09	50.8
antigen29|Q2FYP2|BA000018.3|mhcii|seq960	N_231661	84.00	25	4	0	1	25	211	235	2e-10	53.1
antigen29|Q2FYP2|BA000018.3|mhcii|seq969	N_231661	94.74	19	1	0	1	19	13	31	6e-07	42.7
antigen29|Q2FYP2|BA000018.3|mhcii|seq970	N_231661	95.00	20	1	0	1	20	13	32	2e-07	44.7
antigen29|Q2FYP2|BA000018.3|mhcii|seq971	N_231661	95.24	21	1	0	1	21	13	33	4e-08	46.6
antigen29|Q2FYP2|BA000018.3|mhcii|seq972	N_231661	95.45	22	1	0	1	22	13	34	6e-09	48.9
antigen29|Q2FYP2|BA000018.3|mhcii|seq973	N_231661	95.65	23	1	0	1	23	13	35	1e-09	50.8
antigen29|Q2FYP2|BA000018.3|mhcii|seq974	N_231661	95.83	24	1	0	1	24	13	36	3e-10	52.8
antigen29|Q2FYP2|BA000018.3|mhcii|seq975	N_231661	96.00	25	1	0	1	25	13	37	4e-11	55.5
antigen29|Q2FYP2|BA000018.3|mhcii|seq1019	N_231661	79.17	24	5	0	1	24	175	198	5e-07	43.5
antigen29|Q2FYP2|BA000018.3|mhcii|seq1020	N_231661	80.00	25	5	0	1	25	175	199	1e-07	45.4
antigen29|Q2FYP2|BA000018.3|mhcii|seq1029	N_231661	94.74	19	1	0	1	19	19	37	3e-07	43.9
antigen29|Q2FYP2|BA000018.3|mhcii|seq1030	N_231661	95.00	20	1	0	1	20	19	38	7e-08	45.4
antigen29|Q2FYP2|BA000018.3|mhcii|seq1031	N_231661	95.24	21	1	0	1	21	19	39	1e-08	48.1
antigen29|Q2FYP2|BA000018.3|mhcii|seq1032	N_231661	95.45	22	1	0	1	22	19	40	3e-09	49.7
antigen29|Q2FYP2|BA000018.3|mhcii|seq1033	N_231661	95.65	23	1	0	1	23	19	41	8e-10	51.6
antigen29|Q2FYP2|BA000018.3|mhcii|seq1034	N_231661	95.83	24	1	0	1	24	19	42	2e-10	53.5
antigen29|Q2FYP2|BA000018.3|mhcii|seq1035	N_231661	96.00	25	1	0	1	25	19	43	2e-11	55.8
antigen29|Q2FYP2|BA000018.3|mhcii|seq1048	N_231661	86.96	23	3	0	1	23	6	28	3e-07	44.3
antigen29|Q2FYP2|BA000018.3|mhcii|seq1049	N_231661	87.50	24	3	0	1	24	6	29	2e-08	47.8
antigen29|Q2FYP2|BA000018.3|mhcii|seq1050	N_231661	88.00	25	3	0	1	25	6	30	2e-09	50.8
antigen29|Q2FYP2|BA000018.3|mhcii|seq1065	N_231661	83.33	24	4	0	2	25	84	107	3e-07	44.3
antigen29|Q2FYP2|BA000018.3|mhcii|seq1078	N_231661	78.26	23	4	1	1	23	404	425	7e-07	42.7
antigen29|Q2FYP2|BA000018.3|mhcii|seq1079	N_231661	79.17	24	4	1	1	24	404	426	1e-07	45.1
antigen29|Q2FYP2|BA000018.3|mhcii|seq1080	N_231661	80.00	25	4	1	1	25	404	427	4e-08	46.6
antigen29|Q2FYP2|BA000018.3|mhcii|seq1110	N_231661	82.61	23	4	0	3	25	413	435	4e-07	43.5
antigen29|Q2FYP2|BA000018.3|mhcii|seq1136	N_231661	90.48	21	2	0	1	21	195	215	3e-07	43.9
antigen29|Q2FYP2|BA000018.3|mhcii|seq1137	N_231661	90.91	22	2	0	1	22	195	216	7e-08	45.8
antigen29|Q2FYP2|BA000018.3|mhcii|seq1138	N_231661	90.91	22	2	0	1	22	195	216	9e-08	45.4
antigen29|Q2FYP2|BA000018.3|mhcii|seq1139	N_231661	87.50	24	3	0	1	24	195	218	2e-08	47.4
antigen29|Q2FYP2|BA000018.3|mhcii|seq1140	N_231661	88.00	25	3	0	1	25	195	219	5e-10	52.4
antigen29|Q2FYP2|BA000018.3|mhcii|seq1151	N_231661	90.48	21	2	0	1	21	111	131	7e-07	43.1
antigen29|Q2FYP2|BA000018.3|mhcii|seq1152	N_231661	90.91	22	2	0	1	22	111	132	3e-07	44.3
antigen29|Q2FYP2|BA000018.3|mhcii|seq1153	N_231661	86.96	23	3	0	1	23	111	133	2e-07	44.7
antigen29|Q2FYP2|BA000018.3|mhcii|seq1154	N_231661	83.33	24	4	0	1	24	111	134	1e-07	45.1
antigen29|Q2FYP2|BA000018.3|mhcii|seq1155	N_231661	84.00	25	4	0	1	25	111	135	3e-08	47.0
antigen29|Q2FYP2|BA000018.3|mhcii|seq1164	N_231661	94.74	19	1	0	1	19	18	36	7e-07	42.7
antigen29|Q2FYP2|BA000018.3|mhcii|seq1165	N_231661	95.00	20	1	0	1	20	18	37	9e-08	45.4
antigen29|Q2FYP2|BA000018.3|mhcii|seq1166	N_231661	95.24	21	1	0	1	21	18	38	2e-08	47.0
antigen29|Q2FYP2|BA000018.3|mhcii|seq1167	N_231661	95.45	22	1	0	1	22	18	39	3e-09	49.7
antigen29|Q2FYP2|BA000018.3|mhcii|seq1168	N_231661	95.65	23	1	0	1	23	18	40	1e-09	51.2
antigen29|Q2FYP2|BA000018.3|mhcii|seq1169	N_231661	95.83	24	1	0	1	24	18	41	3e-10	52.8
antigen29|Q2FYP2|BA000018.3|mhcii|seq1170	N_231661	96.00	25	1	0	1	25	18	42	6e-11	54.7
antigen29|Q2FYP2|BA000018.3|mhcii|seq1185	N_231661	80.00	25	5	0	1	25	259	283	3e-07	44.3
antigen29|Q2FYP2|BA000018.3|mhcii|seq1199	N_231661	87.50	24	3	0	1	24	431	454	4e-07	43.5
antigen29|Q2FYP2|BA000018.3|mhcii|seq1200	N_231661	88.00	25	3	0	1	25	431	455	1e-07	45.4
antigen29|Q2FYP2|BA000018.3|mhcii|seq1270	N_231661	100.00	18	0	0	2	19	27	44	4e-07	43.5
antigen29|Q2FYP2|BA000018.3|mhcii|seq1271	N_231661	100.00	19	0	0	2	20	27	45	8e-08	45.4
antigen29|Q2FYP2|BA000018.3|mhcii|seq1272	N_231661	95.00	20	1	0	2	21	27	46	4e-08	46.6
antigen29|Q2FYP2|BA000018.3|mhcii|seq1273	N_231661	95.24	21	1	0	2	22	27	47	1e-08	48.1
antigen29|Q2FYP2|BA000018.3|mhcii|seq1274	N_231661	95.45	22	1	0	2	23	27	48	3e-09	49.7
antigen29|Q2FYP2|BA000018.3|mhcii|seq1275	N_231661	95.65	23	1	0	2	24	27	49	5e-10	52.0
antigen29|Q2FYP2|BA000018.3|mhcii|seq1276	N_231661	95.83	24	1	0	2	25	27	50	1e-10	54.3
antigen29|Q2FYP2|BA000018.3|mhcii|seq1288	N_231661	80.95	21	4	0	2	22	374	394	8e-07	42.7
antigen29|Q2FYP2|BA000018.3|mhcii|seq1289	N_231661	81.82	22	4	0	2	23	374	395	2e-07	44.7
antigen29|Q2FYP2|BA000018.3|mhcii|seq1290	N_231661	82.61	23	4	0	2	24	374	396	4e-08	46.6
antigen29|Q2FYP2|BA000018.3|mhcii|seq1291	N_231661	83.33	24	4	0	2	25	374	397	7e-09	48.9
antigen29|Q2FYP2|BA000018.3|mhcii|seq1351	N_231661	100.00	19	0	0	2	20	102	120	7e-07	42.7
antigen29|Q2FYP2|BA000018.3|mhcii|seq1352	N_231661	100.00	20	0	0	2	21	102	121	3e-07	43.9
antigen29|Q2FYP2|BA000018.3|mhcii|seq1353	N_231661	100.00	21	0	0	2	22	102	122	3e-08	46.6
antigen29|Q2FYP2|BA000018.3|mhcii|seq1354	N_231661	100.00	22	0	0	2	23	102	123	5e-09	48.9
antigen29|Q2FYP2|BA000018.3|mhcii|seq1355	N_231661	100.00	23	0	0	2	24	102	124	1e-09	50.8
antigen29|Q2FYP2|BA000018.3|mhcii|seq1356	N_231661	100.00	24	0	0	2	25	102	125	4e-10	52.4
antigen29|Q2FYP2|BA000018.3|mhcii|seq1367	N_231661	95.24	21	1	0	1	21	98	118	8e-07	42.7
antigen29|Q2FYP2|BA000018.3|mhcii|seq1368	N_231661	95.45	22	1	0	1	22	98	119	6e-08	46.2
antigen29|Q2FYP2|BA000018.3|mhcii|seq1369	N_231661	95.65	23	1	0	1	23	98	120	2e-08	47.8
antigen29|Q2FYP2|BA000018.3|mhcii|seq1370	N_231661	95.83	24	1	0	1	24	98	121	3e-09	50.1
antigen29|Q2FYP2|BA000018.3|mhcii|seq1371	N_231661	96.00	25	1	0	1	25	98	122	8e-10	51.6
antigen29|Q2FYP2|BA000018.3|mhcii|seq1383	N_231661	81.82	22	4	0	1	22	290	311	2e-07	44.7
antigen29|Q2FYP2|BA000018.3|mhcii|seq1384	N_231661	82.61	23	4	0	1	23	290	312	8e-08	45.8
antigen29|Q2FYP2|BA000018.3|mhcii|seq1385	N_231661	83.33	24	4	0	1	24	290	313	1e-08	48.1
antigen29|Q2FYP2|BA000018.3|mhcii|seq1386	N_231661	84.00	25	4	0	1	25	290	314	5e-09	49.3
antigen29|Q2FYP2|BA000018.3|mhcii|seq1401	N_231661	80.00	25	5	0	1	25	260	284	3e-07	43.9
antigen29|Q2FYP2|BA000018.3|mhcii|seq1429	N_231661	82.61	23	4	0	1	23	444	466	3e-07	43.9
antigen29|Q2FYP2|BA000018.3|mhcii|seq1430	N_231661	83.33	24	4	0	1	24	444	467	7e-08	45.8
antigen29|Q2FYP2|BA000018.3|mhcii|seq1431	N_231661	84.00	25	4	0	1	25	444	468	2e-08	47.8
antigen29|Q2FYP2|BA000018.3|mhcii|seq1442	N_231661	85.00	20	3	0	2	21	294	313	3e-07	43.9
antigen29|Q2FYP2|BA000018.3|mhcii|seq1443	N_231661	85.71	21	3	0	2	22	294	314	1e-07	45.1
antigen29|Q2FYP2|BA000018.3|mhcii|seq1444	N_231661	86.36	22	3	0	2	23	294	315	3e-08	47.0
antigen29|Q2FYP2|BA000018.3|mhcii|seq1445	N_231661	86.96	23	3	0	2	24	294	316	4e-09	49.7
antigen29|Q2FYP2|BA000018.3|mhcii|seq1446	N_231661	87.50	24	3	0	2	25	294	317	8e-10	51.6
antigen29|Q2FYP2|BA000018.3|mhcii|seq1504	N_231661	86.96	23	3	0	1	23	264	286	6e-07	43.1
antigen29|Q2FYP2|BA000018.3|mhcii|seq1505	N_231661	87.50	24	3	0	1	24	264	287	2e-07	45.1
antigen29|Q2FYP2|BA000018.3|mhcii|seq1506	N_231661	87.50	24	3	0	1	24	264	287	2e-07	44.7
antigen29|Q2FYP2|BA000018.3|mhcii|seq1518	N_231661	77.27	22	5	0	1	22	368	389	9e-07	42.7
antigen29|Q2FYP2|BA000018.3|mhcii|seq1519	N_231661	78.26	23	5	0	1	23	368	390	2e-07	44.7
antigen29|Q2FYP2|BA000018.3|mhcii|seq1520	N_231661	79.17	24	5	0	1	24	368	391	5e-08	46.2
antigen29|Q2FYP2|BA000018.3|mhcii|seq1521	N_231661	80.00	25	5	0	1	25	368	392	2e-08	47.8
antigen29|Q2FYP2|BA000018.3|mhcii|seq1563	N_231661	77.27	22	5	0	1	22	370	391	6e-07	43.1
antigen29|Q2FYP2|BA000018.3|mhcii|seq1564	N_231661	78.26	23	5	0	1	23	370	392	2e-07	44.7
antigen29|Q2FYP2|BA000018.3|mhcii|seq1565	N_231661	79.17	24	5	0	1	24	370	393	1e-07	45.4
antigen29|Q2FYP2|BA000018.3|mhcii|seq1566	N_231661	76.00	25	6	0	1	25	370	394	5e-08	46.2
antigen29|Q2FYP2|BA000018.3|mhcii|seq1580	N_231661	75.00	24	6	0	1	24	173	196	8e-07	42.7
antigen29|Q2FYP2|BA000018.3|mhcii|seq1581	N_231661	76.00	25	6	0	1	25	173	197	1e-07	45.1
antigen29|Q2FYP2|BA000018.3|mhcii|seq1595	N_231661	75.00	24	6	0	1	24	181	204	5e-07	43.5
antigen29|Q2FYP2|BA000018.3|mhcii|seq1596	N_231661	76.00	25	6	0	1	25	181	205	1e-07	45.4
antigen29|Q2FYP2|BA000018.3|mhcii|seq1609	N_231661	86.96	23	3	0	1	23	465	487	2e-07	44.3
antigen29|Q2FYP2|BA000018.3|mhcii|seq1610	N_231661	83.33	24	4	0	1	24	465	488	1e-07	45.1
antigen29|Q2FYP2|BA000018.3|mhcii|seq1611	N_231661	80.00	25	5	0	1	25	465	489	9e-08	45.8
antigen29|Q2FYP2|BA000018.3|mhcii|seq1639	N_231661	82.61	23	4	0	1	23	413	435	4e-07	43.9
antigen29|Q2FYP2|BA000018.3|mhcii|seq1640	N_231661	83.33	24	4	0	1	24	413	436	1e-07	45.4
antigen29|Q2FYP2|BA000018.3|mhcii|seq1641	N_231661	84.00	25	4	0	1	25	413	437	2e-08	47.4
antigen29|Q2FYP2|BA000018.3|mhcii|seq1683	N_231661	86.36	22	3	0	1	22	90	111	4e-07	43.5
antigen29|Q2FYP2|BA000018.3|mhcii|seq1684	N_231661	86.96	23	3	0	1	23	90	112	1e-07	45.4
antigen29|Q2FYP2|BA000018.3|mhcii|seq1685	N_231661	87.50	24	3	0	1	24	90	113	1e-08	47.8
antigen29|Q2FYP2|BA000018.3|mhcii|seq1686	N_231661	88.00	25	3	0	1	25	90	114	3e-09	49.7
antigen29|Q2FYP2|BA000018.3|mhcii|seq1728	N_231661	90.91	22	2	0	1	22	416	437	4e-07	43.5
antigen29|Q2FYP2|BA000018.3|mhcii|seq1729	N_231661	86.96	23	3	0	1	23	416	438	3e-07	44.3
antigen29|Q2FYP2|BA000018.3|mhcii|seq1730	N_231661	87.50	24	3	0	1	24	416	439	7e-08	45.8
antigen29|Q2FYP2|BA000018.3|mhcii|seq1731	N_231661	88.00	25	3	0	1	25	416	440	2e-08	47.8
antigen29|Q2FYP2|BA000018.3|mhcii|seq1744	N_231661	86.96	23	3	0	1	23	432	454	9e-07	42.7
antigen29|Q2FYP2|BA000018.3|mhcii|seq1745	N_231661	87.50	24	3	0	1	24	432	455	3e-07	44.3
antigen29|Q2FYP2|BA000018.3|mhcii|seq1746	N_231661	88.00	25	3	0	1	25	432	456	9e-08	45.8
antigen29|Q2FYP2|BA000018.3|mhcii|seq1757	N_231661	90.48	21	2	0	1	21	94	114	8e-07	42.7
antigen29|Q2FYP2|BA000018.3|mhcii|seq1758	N_231661	90.91	22	2	0	1	22	94	115	1e-07	45.1
antigen29|Q2FYP2|BA000018.3|mhcii|seq1759	N_231661	91.30	23	2	0	1	23	94	116	2e-08	47.0
antigen29|Q2FYP2|BA000018.3|mhcii|seq1760	N_231661	91.67	24	2	0	1	24	94	117	3e-08	47.0
antigen29|Q2FYP2|BA000018.3|mhcii|seq1761	N_231661	92.00	25	2	0	1	25	94	118	2e-09	50.4
antigen29|Q2FYP2|BA000018.3|mhcii|seq1785	N_231661	89.47	19	2	0	1	19	201	219	6e-07	42.7
antigen29|Q2FYP2|BA000018.3|mhcii|seq1786	N_231661	90.00	20	2	0	1	20	201	220	1e-07	44.7
antigen29|Q2FYP2|BA000018.3|mhcii|seq1787	N_231661	90.48	21	2	0	1	21	201	221	1e-08	47.8
antigen29|Q2FYP2|BA000018.3|mhcii|seq1788	N_231661	90.91	22	2	0	1	22	201	222	3e-09	49.7
antigen29|Q2FYP2|BA000018.3|mhcii|seq1789	N_231661	91.30	23	2	0	1	23	201	223	9e-10	51.2
antigen29|Q2FYP2|BA000018.3|mhcii|seq1790	N_231661	91.67	24	2	0	1	24	201	224	1e-10	53.5
antigen29|Q2FYP2|BA000018.3|mhcii|seq1791	N_231661	92.00	25	2	0	1	25	201	225	4e-11	55.5
antigen29|Q2FYP2|BA000018.3|mhcii|seq1800	N_231661	94.74	19	1	0	1	19	17	35	5e-07	43.1
antigen29|Q2FYP2|BA000018.3|mhcii|seq1801	N_231661	95.00	20	1	0	1	20	17	36	1e-07	45.4
antigen29|Q2FYP2|BA000018.3|mhcii|seq1802	N_231661	95.24	21	1	0	1	21	17	37	1e-08	47.8
antigen29|Q2FYP2|BA000018.3|mhcii|seq1803	N_231661	95.45	22	1	0	1	22	17	38	3e-09	49.7
antigen29|Q2FYP2|BA000018.3|mhcii|seq1804	N_231661	95.65	23	1	0	1	23	17	39	5e-10	52.0
antigen29|Q2FYP2|BA000018.3|mhcii|seq1805	N_231661	95.83	24	1	0	1	24	17	40	1e-10	53.5
antigen29|Q2FYP2|BA000018.3|mhcii|seq1806	N_231661	96.00	25	1	0	1	25	17	41	4e-11	55.1
antigen29|Q2FYP2|BA000018.3|mhcii|seq1861	N_231661	90.00	20	2	0	1	20	11	30	5e-07	43.1
antigen29|Q2FYP2|BA000018.3|mhcii|seq1862	N_231661	90.48	21	2	0	1	21	11	31	7e-08	45.8
antigen29|Q2FYP2|BA000018.3|mhcii|seq1863	N_231661	90.91	22	2	0	1	22	11	32	2e-08	47.4
antigen29|Q2FYP2|BA000018.3|mhcii|seq1864	N_231661	91.30	23	2	0	1	23	11	33	5e-09	49.3
antigen29|Q2FYP2|BA000018.3|mhcii|seq1865	N_231661	91.67	24	2	0	1	24	11	34	6e-10	51.6
antigen29|Q2FYP2|BA000018.3|mhcii|seq1866	N_231661	92.00	25	2	0	1	25	11	35	2e-10	53.5
antigen29|Q2FYP2|BA000018.3|mhcii|seq1879	N_231661	78.26	23	5	0	1	23	171	193	2e-07	44.7
antigen29|Q2FYP2|BA000018.3|mhcii|seq1880	N_231661	79.17	24	5	0	1	24	171	194	6e-08	46.2
antigen29|Q2FYP2|BA000018.3|mhcii|seq1881	N_231661	80.00	25	5	0	1	25	171	195	2e-08	47.4
antigen29|Q2FYP2|BA000018.3|mhcii|seq1891	N_231661	80.00	20	4	0	1	20	227	246	5e-07	43.1
antigen29|Q2FYP2|BA000018.3|mhcii|seq1892	N_231661	80.95	21	4	0	1	21	227	247	1e-07	45.1
antigen29|Q2FYP2|BA000018.3|mhcii|seq1893	N_231661	80.95	21	4	0	1	21	227	247	2e-07	44.7
antigen29|Q2FYP2|BA000018.3|mhcii|seq1894	N_231661	78.26	23	5	0	1	23	227	249	1e-07	45.4
antigen29|Q2FYP2|BA000018.3|mhcii|seq1895	N_231661	75.00	24	6	0	1	24	227	250	5e-08	46.2
antigen29|Q2FYP2|BA000018.3|mhcii|seq1896	N_231661	72.00	25	7	0	1	25	227	251	3e-08	47.0
antigen29|Q2FYP2|BA000018.3|mhcii|seq1910	N_231661	91.67	24	2	0	1	24	268	291	7e-07	43.1
antigen29|Q2FYP2|BA000018.3|mhcii|seq1911	N_231661	92.00	25	2	0	1	25	268	292	2e-07	45.1
antigen29|Q2FYP2|BA000018.3|mhcii|seq1951	N_231661	85.00	20	3	0	1	20	376	395	4e-07	43.5
antigen29|Q2FYP2|BA000018.3|mhcii|seq1952	N_231661	85.71	21	3	0	1	21	376	396	3e-07	43.9
antigen29|Q2FYP2|BA000018.3|mhcii|seq1953	N_231661	86.36	22	3	0	1	22	376	397	5e-08	46.2
antigen29|Q2FYP2|BA000018.3|mhcii|seq1954	N_231661	86.36	22	3	0	1	22	376	397	5e-08	46.2
antigen29|Q2FYP2|BA000018.3|mhcii|seq1955	N_231661	86.36	22	3	0	1	22	376	397	5e-08	46.2
antigen29|Q2FYP2|BA000018.3|mhcii|seq1956	N_231661	76.00	25	6	0	1	25	376	400	3e-08	47.4
antigen29|Q2FYP2|BA000018.3|mhcii|seq1968	N_231661	90.91	22	2	0	1	22	422	443	8e-07	42.7
antigen29|Q2FYP2|BA000018.3|mhcii|seq1969	N_231661	91.30	23	2	0	1	23	422	444	2e-07	44.7
antigen29|Q2FYP2|BA000018.3|mhcii|seq1970	N_231661	91.67	24	2	0	1	24	422	445	5e-08	46.2
antigen29|Q2FYP2|BA000018.3|mhcii|seq1971	N_231661	92.00	25	2	0	1	25	422	446	1e-08	48.1
antigen29|Q2FYP2|BA000018.3|mhcii|seq1980	N_231661	94.74	19	1	0	1	19	197	215	9e-07	42.4
antigen29|Q2FYP2|BA000018.3|mhcii|seq1981	N_231661	95.00	20	1	0	1	20	197	216	2e-07	44.3
antigen29|Q2FYP2|BA000018.3|mhcii|seq1982	N_231661	95.00	20	1	0	1	20	197	216	3e-07	43.9
antigen29|Q2FYP2|BA000018.3|mhcii|seq1983	N_231661	90.91	22	2	0	1	22	197	218	7e-08	45.8
antigen29|Q2FYP2|BA000018.3|mhcii|seq1984	N_231661	91.30	23	2	0	1	23	197	219	1e-09	50.8
antigen29|Q2FYP2|BA000018.3|mhcii|seq1985	N_231661	91.67	24	2	0	1	24	197	220	3e-10	52.8
antigen29|Q2FYP2|BA000018.3|mhcii|seq1986	N_231661	92.00	25	2	0	1	25	197	221	2e-11	55.8
antigen29|Q2FYP2|BA000018.3|mhcii|seq2012	N_231661	80.95	21	4	0	1	21	214	234	6e-07	43.1
antigen29|Q2FYP2|BA000018.3|mhcii|seq2013	N_231661	81.82	22	4	0	1	22	214	235	1e-07	45.4
antigen29|Q2FYP2|BA000018.3|mhcii|seq2014	N_231661	82.61	23	4	0	1	23	214	236	2e-08	47.8
antigen29|Q2FYP2|BA000018.3|mhcii|seq2015	N_231661	83.33	24	4	0	1	24	214	237	2e-09	50.4
antigen29|Q2FYP2|BA000018.3|mhcii|seq2016	N_231661	84.00	25	4	0	1	25	214	238	3e-10	52.8
antigen29|Q2FYP2|BA000018.3|mhcii|seq2028	N_231661	90.91	22	2	0	1	22	418	439	6e-07	43.1
antigen29|Q2FYP2|BA000018.3|mhcii|seq2029	N_231661	91.30	23	2	0	1	23	418	440	2e-07	45.1
antigen29|Q2FYP2|BA000018.3|mhcii|seq2030	N_231661	91.67	24	2	0	1	24	418	441	5e-08	46.2
antigen29|Q2FYP2|BA000018.3|mhcii|seq2031	N_231661	92.00	25	2	0	1	25	418	442	7e-09	48.9
antigen29|Q2FYP2|BA000018.3|mhcii|seq2042	N_231661	80.95	21	4	0	1	21	387	407	7e-07	42.7
antigen29|Q2FYP2|BA000018.3|mhcii|seq2043	N_231661	81.82	22	4	0	1	22	387	408	1e-07	45.1
antigen29|Q2FYP2|BA000018.3|mhcii|seq2044	N_231661	82.61	23	4	0	1	23	387	409	2e-08	47.8
antigen29|Q2FYP2|BA000018.3|mhcii|seq2045	N_231661	79.17	24	5	0	1	24	387	410	9e-09	48.5
antigen29|Q2FYP2|BA000018.3|mhcii|seq2046	N_231661	80.00	25	5	0	1	25	387	411	4e-10	52.4
antigen29|Q2FYP2|BA000018.3|mhcii|seq2060	N_231661	91.67	24	2	0	1	24	272	295	8e-07	42.7
antigen29|Q2FYP2|BA000018.3|mhcii|seq2061	N_231661	92.00	25	2	0	1	25	272	296	1e-07	45.1
antigen29|Q2FYP2|BA000018.3|mhcii|seq2072	N_231661	95.24	21	1	0	1	21	108	128	4e-07	43.5
antigen29|Q2FYP2|BA000018.3|mhcii|seq2073	N_231661	95.45	22	1	0	1	22	108	129	2e-08	47.8
antigen29|Q2FYP2|BA000018.3|mhcii|seq2074	N_231661	95.45	22	1	0	1	22	108	129	2e-08	47.8
antigen29|Q2FYP2|BA000018.3|mhcii|seq2075	N_231661	91.67	24	2	0	1	24	108	131	7e-09	48.9
antigen29|Q2FYP2|BA000018.3|mhcii|seq2076	N_231661	92.00	25	2	0	1	25	108	132	2e-09	50.1
antigen29|Q2FYP2|BA000018.3|mhcii|seq2088	N_231661	90.91	22	2	0	1	22	428	449	4e-07	43.9
antigen29|Q2FYP2|BA000018.3|mhcii|seq2089	N_231661	91.30	23	2	0	1	23	428	450	1e-07	45.4
antigen29|Q2FYP2|BA000018.3|mhcii|seq2090	N_231661	91.67	24	2	0	1	24	428	451	3e-08	47.0
antigen29|Q2FYP2|BA000018.3|mhcii|seq2091	N_231661	92.00	25	2	0	1	25	428	452	1e-08	48.1
antigen29|Q2FYP2|BA000018.3|mhcii|seq2100	N_231661	94.74	19	1	0	1	19	24	42	4e-07	43.5
antigen29|Q2FYP2|BA000018.3|mhcii|seq2101	N_231661	95.00	20	1	0	1	20	24	43	6e-08	45.8
antigen29|Q2FYP2|BA000018.3|mhcii|seq2102	N_231661	95.24	21	1	0	1	21	24	44	2e-08	47.8
antigen29|Q2FYP2|BA000018.3|mhcii|seq2103	N_231661	95.45	22	1	0	1	22	24	45	4e-09	49.3
antigen29|Q2FYP2|BA000018.3|mhcii|seq2104	N_231661	91.30	23	2	0	1	23	24	46	2e-09	50.4
antigen29|Q2FYP2|BA000018.3|mhcii|seq2105	N_231661	91.67	24	2	0	1	24	24	47	5e-10	52.0
antigen29|Q2FYP2|BA000018.3|mhcii|seq2106	N_231661	92.00	25	2	0	1	25	24	48	1e-10	53.9
antigen29|Q2FYP2|BA000018.3|mhcii|seq2209	N_231661	82.61	23	4	0	1	23	34	56	9e-07	42.7
antigen29|Q2FYP2|BA000018.3|mhcii|seq2210	N_231661	82.61	23	4	0	1	23	34	56	8e-07	42.7
antigen29|Q2FYP2|BA000018.3|mhcii|seq2211	N_231661	80.00	25	5	0	1	25	34	58	3e-07	44.3
antigen29|Q2FYP2|BA000018.3|mhcii|seq2221	N_231661	90.00	20	2	0	1	20	12	31	4e-07	43.5
antigen29|Q2FYP2|BA000018.3|mhcii|seq2222	N_231661	90.48	21	2	0	1	21	12	32	1e-07	45.1
antigen29|Q2FYP2|BA000018.3|mhcii|seq2223	N_231661	90.91	22	2	0	1	22	12	33	3e-08	46.6
antigen29|Q2FYP2|BA000018.3|mhcii|seq2224	N_231661	91.30	23	2	0	1	23	12	34	4e-09	49.3
antigen29|Q2FYP2|BA000018.3|mhcii|seq2225	N_231661	91.67	24	2	0	1	24	12	35	1e-09	51.2
antigen29|Q2FYP2|BA000018.3|mhcii|seq2226	N_231661	92.00	25	2	0	1	25	12	36	2e-10	53.1
antigen29|Q2FYP2|BA000018.3|mhcii|seq2253	N_231661	90.91	22	2	0	1	22	430	451	7e-07	42.7
antigen29|Q2FYP2|BA000018.3|mhcii|seq2254	N_231661	91.30	23	2	0	1	23	430	452	2e-07	44.3
antigen29|Q2FYP2|BA000018.3|mhcii|seq2255	N_231661	91.30	23	2	0	1	23	430	452	2e-07	44.3
antigen29|Q2FYP2|BA000018.3|mhcii|seq2256	N_231661	88.00	25	3	0	1	25	430	454	5e-08	46.2
antigen29|Q2FYP2|BA000018.3|mhcii|seq2299	N_231661	82.61	23	4	0	1	23	443	465	8e-07	42.7
antigen29|Q2FYP2|BA000018.3|mhcii|seq2300	N_231661	83.33	24	4	0	1	24	443	466	4e-08	46.6
antigen29|Q2FYP2|BA000018.3|mhcii|seq2301	N_231661	84.00	25	4	0	1	25	443	467	9e-09	48.5
antigen29|Q2FYP2|BA000018.3|mhcii|seq2328	N_231661	77.27	22	5	0	1	22	367	388	4e-07	43.5
antigen29|Q2FYP2|BA000018.3|mhcii|seq2329	N_231661	78.26	23	5	0	1	23	367	389	1e-07	45.1
antigen29|Q2FYP2|BA000018.3|mhcii|seq2330	N_231661	79.17	24	5	0	1	24	367	390	3e-08	47.0
antigen29|Q2FYP2|BA000018.3|mhcii|seq2331	N_231661	80.00	25	5	0	1	25	367	391	1e-08	48.5
antigen29|Q2FYP2|BA000018.3|mhcii|seq2344	N_231661	78.26	23	5	0	1	23	172	194	4e-07	43.5
antigen29|Q2FYP2|BA000018.3|mhcii|seq2345	N_231661	79.17	24	5	0	1	24	172	195	1e-07	45.1
antigen29|Q2FYP2|BA000018.3|mhcii|seq2346	N_231661	76.00	25	6	0	1	25	172	196	1e-07	45.4
antigen29|Q2FYP2|BA000018.3|mhcii|seq2358	N_231661	90.91	22	2	0	1	22	421	442	8e-07	42.7
antigen29|Q2FYP2|BA000018.3|mhcii|seq2359	N_231661	91.30	23	2	0	1	23	421	443	1e-07	45.1
antigen29|Q2FYP2|BA000018.3|mhcii|seq2360	N_231661	91.67	24	2	0	1	24	421	444	5e-08	46.2
antigen29|Q2FYP2|BA000018.3|mhcii|seq2361	N_231661	92.00	25	2	0	1	25	421	445	1e-08	48.1
antigen29|Q2FYP2|BA000018.3|mhcii|seq2374	N_231661	82.61	23	4	0	1	23	442	464	2e-07	44.3
antigen29|Q2FYP2|BA000018.3|mhcii|seq2375	N_231661	83.33	24	4	0	1	24	442	465	1e-07	45.4
antigen29|Q2FYP2|BA000018.3|mhcii|seq2376	N_231661	84.00	25	4	0	1	25	442	466	5e-09	49.3
antigen29|Q2FYP2|BA000018.3|mhcii|seq2397	N_231661	85.71	21	3	0	1	21	88	108	4e-07	43.5
antigen29|Q2FYP2|BA000018.3|mhcii|seq2398	N_231661	86.36	22	3	0	1	22	88	109	1e-07	45.4
antigen29|Q2FYP2|BA000018.3|mhcii|seq2399	N_231661	86.96	23	3	0	1	23	88	110	2e-08	47.4
antigen29|Q2FYP2|BA000018.3|mhcii|seq2400	N_231661	87.50	24	3	0	1	24	88	111	6e-09	48.9
antigen29|Q2FYP2|BA000018.3|mhcii|seq2401	N_231661	88.00	25	3	0	1	25	88	112	1e-09	50.8
antigen29|Q2FYP2|BA000018.3|mhcii|seq2444	N_231661	82.61	23	4	0	1	23	113	135	4e-07	43.9
antigen29|Q2FYP2|BA000018.3|mhcii|seq2445	N_231661	83.33	24	4	0	1	24	113	136	1e-07	45.4
antigen29|Q2FYP2|BA000018.3|mhcii|seq2446	N_231661	83.33	24	4	0	1	24	113	136	1e-07	45.1
antigen29|Q2FYP2|BA000018.3|mhcii|seq2456	N_231661	84.21	19	3	0	2	20	229	247	7e-07	42.7
antigen29|Q2FYP2|BA000018.3|mhcii|seq2457	N_231661	84.21	19	3	0	2	20	229	247	9e-07	42.4
antigen29|Q2FYP2|BA000018.3|mhcii|seq2458	N_231661	80.95	21	4	0	2	22	229	249	6e-07	43.1
antigen29|Q2FYP2|BA000018.3|mhcii|seq2459	N_231661	77.27	22	5	0	2	23	229	250	3e-07	43.9
antigen29|Q2FYP2|BA000018.3|mhcii|seq2460	N_231661	73.91	23	6	0	2	24	229	251	2e-07	44.7
antigen29|Q2FYP2|BA000018.3|mhcii|seq2461	N_231661	75.00	24	6	0	2	25	229	252	5e-08	46.6
antigen29|Q2FYP2|BA000018.3|mhcii|seq2506	N_231661	79.17	24	5	0	2	25	186	209	3e-07	43.9
antigen29|Q2FYP2|BA000018.3|mhcii|seq2531	N_231661	95.00	20	1	0	1	20	31	50	1e-06	42.4
antigen29|Q2FYP2|BA000018.3|mhcii|seq2532	N_231661	90.48	21	2	0	1	21	31	51	6e-07	43.1
antigen29|Q2FYP2|BA000018.3|mhcii|seq2535	N_231661	83.33	24	4	0	1	24	31	54	3e-07	44.3
antigen29|Q2FYP2|BA000018.3|mhcii|seq2536	N_231661	84.00	25	4	0	1	25	31	55	5e-08	46.2
antigen29|Q2FYP2|BA000018.3|mhcii|seq2559	N_231661	100.00	18	0	0	1	18	27	44	3e-07	43.5
antigen29|Q2FYP2|BA000018.3|mhcii|seq2560	N_231661	100.00	19	0	0	1	19	27	45	8e-08	45.4
antigen29|Q2FYP2|BA000018.3|mhcii|seq2561	N_231661	95.00	20	1	0	1	20	27	46	3e-08	46.6
antigen29|Q2FYP2|BA000018.3|mhcii|seq2562	N_231661	95.24	21	1	0	1	21	27	47	1e-08	48.1
antigen29|Q2FYP2|BA000018.3|mhcii|seq2563	N_231661	95.45	22	1	0	1	22	27	48	3e-09	49.7
antigen29|Q2FYP2|BA000018.3|mhcii|seq2564	N_231661	95.65	23	1	0	1	23	27	49	4e-10	52.0
antigen29|Q2FYP2|BA000018.3|mhcii|seq2565	N_231661	95.83	24	1	0	1	24	27	50	9e-11	54.3
antigen29|Q2FYP2|BA000018.3|mhcii|seq2566	N_231661	92.00	25	2	0	1	25	27	51	6e-11	54.7
antigen29|Q2FYP2|BA000018.3|mhcii|seq2594	N_231661	78.26	23	5	0	1	23	235	257	4e-07	43.5
antigen29|Q2FYP2|BA000018.3|mhcii|seq2595	N_231661	79.17	24	5	0	1	24	235	258	1e-07	45.1
antigen29|Q2FYP2|BA000018.3|mhcii|seq2596	N_231661	80.00	25	5	0	1	25	235	259	3e-08	47.0
antigen29|Q2FYP2|BA000018.3|mhcii|seq2609	N_231661	91.30	23	2	0	1	23	424	446	3e-07	43.9
antigen29|Q2FYP2|BA000018.3|mhcii|seq2610	N_231661	91.67	24	2	0	1	24	424	447	1e-07	45.1
antigen29|Q2FYP2|BA000018.3|mhcii|seq2611	N_231661	92.00	25	2	0	1	25	424	448	2e-09	50.4
antigen29|Q2FYP2|BA000018.3|mhcii|seq2621	N_231661	85.00	20	3	0	1	20	374	393	6e-07	43.1
antigen29|Q2FYP2|BA000018.3|mhcii|seq2622	N_231661	80.95	21	4	0	1	21	374	394	2e-07	44.3
antigen29|Q2FYP2|BA000018.3|mhcii|seq2623	N_231661	81.82	22	4	0	1	22	374	395	3e-08	46.6
antigen29|Q2FYP2|BA000018.3|mhcii|seq2624	N_231661	82.61	23	4	0	1	23	374	396	4e-08	46.6
antigen29|Q2FYP2|BA000018.3|mhcii|seq2625	N_231661	83.33	24	4	0	1	24	374	397	7e-09	48.9
antigen29|Q2FYP2|BA000018.3|mhcii|seq2626	N_231661	83.33	24	4	0	1	24	374	397	2e-09	50.8
antigen29|Q2FYP2|BA000018.3|mhcii|seq2679	N_231661	75.00	24	6	0	1	24	379	402	6e-07	43.1
antigen29|Q2FYP2|BA000018.3|mhcii|seq2680	N_231661	76.00	25	6	0	1	25	379	403	1e-07	45.1
antigen29|Q2FYP2|BA000018.3|mhcii|seq2718	N_231661	94.44	18	1	0	1	18	210	227	2e-07	44.7
antigen29|Q2FYP2|BA000018.3|mhcii|seq2719	N_231661	94.44	18	1	0	1	18	210	227	2e-07	44.7
antigen29|Q2FYP2|BA000018.3|mhcii|seq2720	N_231661	90.00	20	2	0	1	20	210	229	5e-08	46.2
antigen29|Q2FYP2|BA000018.3|mhcii|seq2721	N_231661	90.48	21	2	0	1	21	210	230	1e-08	47.8
antigen29|Q2FYP2|BA000018.3|mhcii|seq2722	N_231661	86.36	22	3	0	1	22	210	231	1e-08	48.1
antigen29|Q2FYP2|BA000018.3|mhcii|seq2723	N_231661	82.61	23	4	0	1	23	210	232	4e-09	49.3
antigen29|Q2FYP2|BA000018.3|mhcii|seq2724	N_231661	83.33	24	4	0	1	24	210	233	4e-10	52.4
antigen29|Q2FYP2|BA000018.3|mhcii|seq2725	N_231661	84.00	25	4	0	1	25	210	234	1e-10	53.9
antigen29|Q2FYP2|BA000018.3|mhcii|seq2736	N_231661	85.71	21	3	0	1	21	89	109	7e-07	42.7
antigen29|Q2FYP2|BA000018.3|mhcii|seq2737	N_231661	86.36	22	3	0	1	22	89	110	1e-07	45.1
antigen29|Q2FYP2|BA000018.3|mhcii|seq2738	N_231661	86.96	23	3	0	1	23	89	111	4e-08	46.6
antigen29|Q2FYP2|BA000018.3|mhcii|seq2739	N_231661	87.50	24	3	0	1	24	89	112	9e-09	48.5
antigen29|Q2FYP2|BA000018.3|mhcii|seq2740	N_231661	88.00	25	3	0	1	25	89	113	1e-09	50.8
antigen29|Q2FYP2|BA000018.3|mhcii|seq2751	N_231661	80.95	21	4	0	1	21	213	233	2e-07	44.7
antigen29|Q2FYP2|BA000018.3|mhcii|seq2752	N_231661	81.82	22	4	0	1	22	213	234	5e-08	46.2
antigen29|Q2FYP2|BA000018.3|mhcii|seq2753	N_231661	82.61	23	4	0	1	23	213	235	8e-09	48.5
antigen29|Q2FYP2|BA000018.3|mhcii|seq2754	N_231661	83.33	24	4	0	1	24	213	236	1e-09	50.8
antigen29|Q2FYP2|BA000018.3|mhcii|seq2755	N_231661	84.00	25	4	0	1	25	213	237	1e-10	53.5
antigen29|Q2FYP2|BA000018.3|mhcii|seq2765	N_231661	85.00	20	3	0	1	20	221	240	7e-08	45.8
antigen29|Q2FYP2|BA000018.3|mhcii|seq2766	N_231661	85.71	21	3	0	1	21	221	241	7e-09	48.5
antigen29|Q2FYP2|BA000018.3|mhcii|seq2767	N_231661	81.82	22	4	0	1	22	221	242	5e-09	48.9
antigen29|Q2FYP2|BA000018.3|mhcii|seq2768	N_231661	82.61	23	4	0	1	23	221	243	2e-09	50.4
antigen29|Q2FYP2|BA000018.3|mhcii|seq2769	N_231661	83.33	24	4	0	1	24	221	244	5e-10	52.0
antigen29|Q2FYP2|BA000018.3|mhcii|seq2770	N_231661	84.00	25	4	0	1	25	221	245	1e-10	53.9
antigen29|Q2FYP2|BA000018.3|mhcii|seq2785	N_231661	76.00	25	6	0	1	25	469	493	9e-07	42.7
antigen29|Q2FYP2|BA000018.3|mhcii|seq2824	N_231661	84.21	19	3	0	1	19	222	240	8e-07	42.4
antigen29|Q2FYP2|BA000018.3|mhcii|seq2825	N_231661	85.00	20	3	0	1	20	222	241	9e-08	45.4
antigen29|Q2FYP2|BA000018.3|mhcii|seq2826	N_231661	80.95	21	4	0	1	21	222	242	6e-08	45.8
antigen29|Q2FYP2|BA000018.3|mhcii|seq2827	N_231661	81.82	22	4	0	1	22	222	243	2e-08	47.4
antigen29|Q2FYP2|BA000018.3|mhcii|seq2828	N_231661	82.61	23	4	0	1	23	222	244	6e-09	48.9
antigen29|Q2FYP2|BA000018.3|mhcii|seq2829	N_231661	83.33	24	4	0	1	24	222	245	1e-09	50.8
antigen29|Q2FYP2|BA000018.3|mhcii|seq2830	N_231661	84.00	25	4	0	1	25	222	246	4e-10	52.4
antigen29|Q2FYP2|BA000018.3|mhcii|seq2875	N_231661	91.67	24	2	0	1	24	269	292	2e-07	44.3
antigen29|Q2FYP2|BA000018.3|mhcii|seq2931	N_231661	80.95	21	4	0	1	21	292	312	6e-07	43.1
antigen29|Q2FYP2|BA000018.3|mhcii|seq2932	N_231661	81.82	22	4	0	1	22	292	313	1e-07	45.4
antigen29|Q2FYP2|BA000018.3|mhcii|seq2933	N_231661	82.61	23	4	0	1	23	292	314	4e-08	46.6
antigen29|Q2FYP2|BA000018.3|mhcii|seq2934	N_231661	83.33	24	4	0	1	24	292	315	9e-09	48.5
antigen29|Q2FYP2|BA000018.3|mhcii|seq2935	N_231661	84.00	25	4	0	1	25	292	316	1e-09	51.2
antigen29|Q2FYP2|BA000018.3|mhcii|seq2963	N_231661	82.61	23	4	0	1	23	33	55	8e-07	42.7
antigen29|Q2FYP2|BA000018.3|mhcii|seq2964	N_231661	83.33	24	4	0	1	24	33	56	2e-07	44.7
antigen29|Q2FYP2|BA000018.3|mhcii|seq2965	N_231661	83.33	24	4	0	1	24	33	56	2e-07	44.7
antigen29|Q2FYP2|BA000018.3|mhcii|seq3019	N_231661	94.74	19	1	0	1	19	22	40	4e-07	43.5
antigen29|Q2FYP2|BA000018.3|mhcii|seq3020	N_231661	95.00	20	1	0	1	20	22	41	1e-07	45.1
antigen29|Q2FYP2|BA000018.3|mhcii|seq3021	N_231661	95.24	21	1	0	1	21	22	42	3e-08	47.0
antigen29|Q2FYP2|BA000018.3|mhcii|seq3022	N_231661	95.45	22	1	0	1	22	22	43	3e-09	49.7
antigen29|Q2FYP2|BA000018.3|mhcii|seq3023	N_231661	95.65	23	1	0	1	23	22	44	1e-09	51.2
antigen29|Q2FYP2|BA000018.3|mhcii|seq3024	N_231661	95.83	24	1	0	1	24	22	45	2e-10	53.1
antigen29|Q2FYP2|BA000018.3|mhcii|seq3025	N_231661	92.00	25	2	0	1	25	22	46	1e-10	54.3
antigen29|Q2FYP2|BA000018.3|mhcii|seq3038	N_231661	82.61	23	4	0	1	23	86	108	2e-07	44.7
antigen29|Q2FYP2|BA000018.3|mhcii|seq3039	N_231661	83.33	24	4	0	1	24	86	109	5e-08	46.2
antigen29|Q2FYP2|BA000018.3|mhcii|seq3040	N_231661	84.00	25	4	0	1	25	86	110	9e-09	48.5
antigen29|Q2FYP2|BA000018.3|mhcii|seq3052	N_231661	86.36	22	3	0	1	22	162	183	8e-07	42.7
antigen29|Q2FYP2|BA000018.3|mhcii|seq3053	N_231661	86.96	23	3	0	1	23	162	184	1e-07	45.1
antigen29|Q2FYP2|BA000018.3|mhcii|seq3054	N_231661	86.96	23	3	0	1	23	162	184	1e-07	45.1
antigen29|Q2FYP2|BA000018.3|mhcii|seq3055	N_231661	84.00	25	4	0	1	25	162	186	7e-08	45.8
antigen29|Q2FYP2|BA000018.3|mhcii|seq3067	N_231661	72.73	22	6	0	1	22	230	251	8e-07	42.7
antigen29|Q2FYP2|BA000018.3|mhcii|seq3068	N_231661	73.91	23	6	0	1	23	230	252	2e-07	44.7
antigen29|Q2FYP2|BA000018.3|mhcii|seq3069	N_231661	75.00	24	6	0	1	24	230	253	7e-08	45.8
antigen29|Q2FYP2|BA000018.3|mhcii|seq3070	N_231661	75.00	24	6	0	1	24	230	253	9e-08	45.4
antigen29|Q2FYP2|BA000018.3|mhcii|seq3084	N_231661	70.83	24	7	0	1	24	364	387	7e-07	43.1
antigen29|Q2FYP2|BA000018.3|mhcii|seq3085	N_231661	72.00	25	7	0	1	25	364	388	4e-08	46.6
antigen29|Q2FYP2|BA000018.3|mhcii|seq3126	N_231661	90.48	21	2	0	1	21	199	219	3e-08	47.0
antigen29|Q2FYP2|BA000018.3|mhcii|seq3127	N_231661	90.91	22	2	0	1	22	199	220	6e-09	48.9
antigen29|Q2FYP2|BA000018.3|mhcii|seq3128	N_231661	91.30	23	2	0	1	23	199	221	5e-10	52.0
antigen29|Q2FYP2|BA000018.3|mhcii|seq3129	N_231661	91.67	24	2	0	1	24	199	222	1e-10	53.5
antigen29|Q2FYP2|BA000018.3|mhcii|seq3130	N_231661	92.00	25	2	0	1	25	199	223	4e-11	55.5
antigen29|Q2FYP2|BA000018.3|mhcii|seq3158	N_231661	78.26	23	5	0	1	23	188	210	6e-07	43.1
antigen29|Q2FYP2|BA000018.3|mhcii|seq3159	N_231661	79.17	24	5	0	1	24	188	211	1e-07	45.4
antigen29|Q2FYP2|BA000018.3|mhcii|seq3160	N_231661	80.00	25	5	0	1	25	188	212	2e-08	47.8
antigen29|Q2FYP2|BA000018.3|mhcii|seq3174	N_231661	85.00	20	3	0	1	20	297	316	2e-07	44.3
antigen29|Q2FYP2|BA000018.3|mhcii|seq3175	N_231661	85.71	21	3	0	1	21	297	317	3e-08	46.6
antigen29|Q2FYP2|BA000018.3|mhcii|seq3176	N_231661	86.36	22	3	0	1	22	297	318	6e-09	48.9
antigen29|Q2FYP2|BA000018.3|mhcii|seq3177	N_231661	82.61	23	4	0	1	23	297	319	5e-09	49.3
antigen29|Q2FYP2|BA000018.3|mhcii|seq3178	N_231661	83.33	24	4	0	1	24	297	320	1e-09	50.8
antigen29|Q2FYP2|BA000018.3|mhcii|seq3179	N_231661	83.33	24	4	0	1	24	297	320	1e-09	50.8
antigen29|Q2FYP2|BA000018.3|mhcii|seq3192	N_231661	82.61	23	4	0	1	23	114	136	8e-07	42.7
antigen29|Q2FYP2|BA000018.3|mhcii|seq3193	N_231661	82.61	23	4	0	1	23	114	136	1e-06	42.7
antigen29|Q2FYP2|BA000018.3|mhcii|seq3194	N_231661	80.00	25	5	0	1	25	114	138	7e-07	43.1
antigen29|Q2FYP2|BA000018.3|mhcii|seq3205	N_231661	85.71	21	3	0	1	21	191	211	9e-07	42.7
antigen29|Q2FYP2|BA000018.3|mhcii|seq3206	N_231661	86.36	22	3	0	1	22	191	212	1e-07	45.1
antigen29|Q2FYP2|BA000018.3|mhcii|seq3207	N_231661	86.96	23	3	0	1	23	191	213	1e-08	48.1
antigen29|Q2FYP2|BA000018.3|mhcii|seq3208	N_231661	87.50	24	3	0	1	24	191	214	2e-09	50.4
antigen29|Q2FYP2|BA000018.3|mhcii|seq3209	N_231661	88.00	25	3	0	1	25	191	215	5e-10	52.0
antigen29|Q2FYP2|BA000018.3|mhcii|seq3248	N_231661	94.74	19	1	0	1	19	206	224	2e-07	44.7
antigen29|Q2FYP2|BA000018.3|mhcii|seq3249	N_231661	95.00	20	1	0	1	20	206	225	4e-08	46.2
antigen29|Q2FYP2|BA000018.3|mhcii|seq3250	N_231661	95.24	21	1	0	1	21	206	226	7e-09	48.5
antigen29|Q2FYP2|BA000018.3|mhcii|seq3251	N_231661	95.45	22	1	0	1	22	206	227	9e-10	51.2
antigen29|Q2FYP2|BA000018.3|mhcii|seq3252	N_231661	95.45	22	1	0	1	22	206	227	9e-10	51.2
antigen29|Q2FYP2|BA000018.3|mhcii|seq3253	N_231661	91.67	24	2	0	1	24	206	229	2e-10	52.8
antigen29|Q2FYP2|BA000018.3|mhcii|seq3254	N_231661	92.00	25	2	0	1	25	206	230	7e-11	54.7
antigen29|Q2FYP2|BA000018.3|mhcii|seq3264	N_231661	100.00	20	0	0	1	20	102	121	2e-07	44.7
antigen29|Q2FYP2|BA000018.3|mhcii|seq3265	N_231661	100.00	21	0	0	1	21	102	122	7e-08	45.8
antigen29|Q2FYP2|BA000018.3|mhcii|seq3266	N_231661	100.00	22	0	0	1	22	102	123	5e-09	48.9
antigen29|Q2FYP2|BA000018.3|mhcii|seq3267	N_231661	100.00	23	0	0	1	23	102	124	3e-09	50.1
antigen29|Q2FYP2|BA000018.3|mhcii|seq3268	N_231661	100.00	24	0	0	1	24	102	125	4e-10	52.4
antigen29|Q2FYP2|BA000018.3|mhcii|seq3269	N_231661	96.00	25	1	0	1	25	102	126	6e-10	52.0
antigen29|Q2FYP2|BA000018.3|mhcii|seq3297	N_231661	86.96	23	3	0	1	23	436	458	5e-07	43.5
antigen29|Q2FYP2|BA000018.3|mhcii|seq3298	N_231661	87.50	24	3	0	1	24	436	459	9e-08	45.4
antigen29|Q2FYP2|BA000018.3|mhcii|seq3299	N_231661	84.00	25	4	0	1	25	436	460	4e-08	46.6
antigen29|Q2FYP2|BA000018.3|mhcii|seq3310	N_231661	95.24	21	1	0	1	21	99	119	2e-07	44.3
antigen29|Q2FYP2|BA000018.3|mhcii|seq3311	N_231661	95.45	22	1	0	1	22	99	120	6e-08	46.2
antigen29|Q2FYP2|BA000018.3|mhcii|seq3312	N_231661	95.65	23	1	0	1	23	99	121	9e-09	48.5
antigen29|Q2FYP2|BA000018.3|mhcii|seq3313	N_231661	95.83	24	1	0	1	24	99	122	3e-09	50.1
antigen29|Q2FYP2|BA000018.3|mhcii|seq3314	N_231661	96.00	25	1	0	1	25	99	123	4e-10	52.4
antigen29|Q2FYP2|BA000018.3|mhcii|seq3326	N_231661	77.27	22	5	0	1	22	389	410	7e-07	43.1
antigen29|Q2FYP2|BA000018.3|mhcii|seq3327	N_231661	78.26	23	5	0	1	23	389	411	5e-08	46.2
antigen29|Q2FYP2|BA000018.3|mhcii|seq3328	N_231661	78.26	23	5	0	1	23	389	411	6e-08	46.2
antigen29|Q2FYP2|BA000018.3|mhcii|seq3329	N_231661	76.00	25	6	0	1	25	389	413	1e-08	48.1
antigen29|Q2FYP2|BA000018.3|mhcii|seq3344	N_231661	80.00	25	5	0	1	25	258	282	4e-07	43.5
antigen29|Q2FYP2|BA000018.3|mhcii|seq3362	N_231661	90.91	22	2	0	1	22	97	118	1e-07	44.7
antigen29|Q2FYP2|BA000018.3|mhcii|seq3363	N_231661	91.30	23	2	0	1	23	97	119	4e-08	46.6
antigen29|Q2FYP2|BA000018.3|mhcii|seq3364	N_231661	91.67	24	2	0	1	24	97	120	1e-08	48.1
antigen29|Q2FYP2|BA000018.3|mhcii|seq3365	N_231661	92.00	25	2	0	1	25	97	121	2e-09	50.4
antigen29|Q2FYP2|BA000018.3|mhcii|seq3378	N_231661	86.96	23	3	0	1	23	263	285	6e-07	43.1
antigen29|Q2FYP2|BA000018.3|mhcii|seq3379	N_231661	87.50	24	3	0	1	24	263	286	2e-07	45.1
antigen29|Q2FYP2|BA000018.3|mhcii|seq3380	N_231661	88.00	25	3	0	1	25	263	287	5e-08	46.2
antigen29|Q2FYP2|BA000018.3|mhcii|seq3389	N_231661	94.74	19	1	0	1	19	23	41	4e-07	43.5
antigen29|Q2FYP2|BA000018.3|mhcii|seq3390	N_231661	95.00	20	1	0	1	20	23	42	9e-08	45.4
antigen29|Q2FYP2|BA000018.3|mhcii|seq3391	N_231661	95.24	21	1	0	1	21	23	43	1e-08	47.8
antigen29|Q2FYP2|BA000018.3|mhcii|seq3392	N_231661	95.45	22	1	0	1	22	23	44	4e-09	49.3
antigen29|Q2FYP2|BA000018.3|mhcii|seq3393	N_231661	95.65	23	1	0	1	23	23	45	8e-10	51.2
antigen29|Q2FYP2|BA000018.3|mhcii|seq3394	N_231661	91.67	24	2	0	1	24	23	46	4e-10	52.4
antigen29|Q2FYP2|BA000018.3|mhcii|seq3395	N_231661	92.00	25	2	0	1	25	23	47	1e-10	53.9
antigen29|Q2FYP2|BA000018.3|mhcii|seq3422	N_231661	85.71	21	3	0	2	22	88	108	4e-07	43.5
antigen29|Q2FYP2|BA000018.3|mhcii|seq3423	N_231661	86.36	22	3	0	2	23	88	109	1e-07	45.4
antigen29|Q2FYP2|BA000018.3|mhcii|seq3424	N_231661	86.96	23	3	0	2	24	88	110	2e-08	47.4
antigen29|Q2FYP2|BA000018.3|mhcii|seq3425	N_231661	87.50	24	3	0	2	25	88	111	6e-09	49.3
antigen29|Q2FYP2|BA000018.3|mhcii|seq3451	N_231661	80.95	21	4	0	1	21	291	311	5e-07	43.1
antigen29|Q2FYP2|BA000018.3|mhcii|seq3452	N_231661	81.82	22	4	0	1	22	291	312	2e-07	44.7
antigen29|Q2FYP2|BA000018.3|mhcii|seq3453	N_231661	82.61	23	4	0	1	23	291	313	3e-08	47.0
antigen29|Q2FYP2|BA000018.3|mhcii|seq3454	N_231661	83.33	24	4	0	1	24	291	314	1e-08	48.1
antigen29|Q2FYP2|BA000018.3|mhcii|seq3455	N_231661	84.00	25	4	0	1	25	291	315	3e-09	50.1
antigen29|Q2FYP2|BA000018.3|mhcii|seq3468	N_231661	86.96	23	3	0	1	23	161	183	2e-07	44.7
antigen29|Q2FYP2|BA000018.3|mhcii|seq3469	N_231661	87.50	24	3	0	1	24	161	184	3e-08	47.0
antigen29|Q2FYP2|BA000018.3|mhcii|seq3470	N_231661	87.50	24	3	0	1	24	161	184	3e-08	47.0
antigen29|Q2FYP2|BA000018.3|mhcii|seq3479	N_231661	84.21	19	3	0	1	19	229	247	9e-07	42.4
antigen29|Q2FYP2|BA000018.3|mhcii|seq3481	N_231661	80.95	21	4	0	1	21	229	249	7e-07	42.7
antigen29|Q2FYP2|BA000018.3|mhcii|seq3482	N_231661	77.27	22	5	0	1	22	229	250	4e-07	43.9
antigen29|Q2FYP2|BA000018.3|mhcii|seq3483	N_231661	73.91	23	6	0	1	23	229	251	2e-07	44.3
antigen29|Q2FYP2|BA000018.3|mhcii|seq3484	N_231661	75.00	24	6	0	1	24	229	252	6e-08	46.2
antigen29|Q2FYP2|BA000018.3|mhcii|seq3485	N_231661	76.00	25	6	0	1	25	229	253	2e-08	47.4
antigen29|Q2FYP2|BA000018.3|mhcii|seq3500	N_231661	72.00	25	7	0	1	25	363	387	4e-07	43.9
antigen29|Q2FYP2|BA000018.3|mhcii|seq3527	N_231661	90.91	22	2	0	1	22	435	456	4e-07	43.5
antigen29|Q2FYP2|BA000018.3|mhcii|seq3528	N_231661	90.91	22	2	0	1	22	435	456	5e-07	43.5
antigen29|Q2FYP2|BA000018.3|mhcii|seq3529	N_231661	87.50	24	3	0	1	24	435	458	1e-07	45.1
antigen29|Q2FYP2|BA000018.3|mhcii|seq3530	N_231661	88.00	25	3	0	1	25	435	459	3e-08	47.0
antigen29|Q2FYP2|BA000018.3|mhcii|seq3545	N_231661	80.00	25	5	0	1	25	257	281	5e-07	43.5
antigen29|Q2FYP2|BA000018.3|mhcii|seq3558	N_231661	90.91	22	2	0	2	23	435	456	6e-07	43.1
antigen29|Q2FYP2|BA000018.3|mhcii|seq3559	N_231661	90.91	22	2	0	2	23	435	456	7e-07	43.1
antigen29|Q2FYP2|BA000018.3|mhcii|seq3560	N_231661	87.50	24	3	0	2	25	435	458	2e-07	44.7
antigen29|Q2FYP2|BA000018.3|mhcii|seq3575	N_231661	80.00	25	5	0	1	25	256	280	7e-07	43.1
antigen29|Q2FYP2|BA000018.3|mhcii|seq3605	N_231661	80.00	25	5	0	1	25	286	310	3e-07	44.3
antigen29|Q2FYP2|BA000018.3|mhcii|seq3615	N_231661	95.00	20	1	0	1	20	15	34	2e-07	44.7
antigen29|Q2FYP2|BA000018.3|mhcii|seq3616	N_231661	95.24	21	1	0	1	21	15	35	4e-08	46.2
antigen29|Q2FYP2|BA000018.3|mhcii|seq3617	N_231661	95.45	22	1	0	1	22	15	36	9e-09	48.1
antigen29|Q2FYP2|BA000018.3|mhcii|seq3618	N_231661	95.65	23	1	0	1	23	15	37	1e-09	50.8
antigen29|Q2FYP2|BA000018.3|mhcii|seq3619	N_231661	95.83	24	1	0	1	24	15	38	3e-10	52.8
antigen29|Q2FYP2|BA000018.3|mhcii|seq3620	N_231661	96.00	25	1	0	1	25	15	39	4e-11	55.1
antigen29|Q2FYP2|BA000018.3|mhcii|seq3665	N_231661	80.00	25	5	0	1	25	261	285	3e-07	44.3
antigen29|Q2FYP2|BA000018.3|mhcii|seq3678	N_231661	82.61	23	4	0	1	23	452	474	6e-07	43.1
antigen29|Q2FYP2|BA000018.3|mhcii|seq3679	N_231661	83.33	24	4	0	1	24	452	475	1e-07	45.1
antigen29|Q2FYP2|BA000018.3|mhcii|seq3680	N_231661	84.00	25	4	0	1	25	452	476	3e-08	47.0
antigen29|Q2FYP2|BA000018.3|mhcii|seq3705	N_231661	100.00	20	0	0	1	20	105	124	3e-07	43.5
antigen29|Q2FYP2|BA000018.3|mhcii|seq3706	N_231661	100.00	21	0	0	1	21	105	125	1e-07	45.1
antigen29|Q2FYP2|BA000018.3|mhcii|seq3707	N_231661	95.45	22	1	0	1	22	105	126	5e-08	46.2
antigen29|Q2FYP2|BA000018.3|mhcii|seq3708	N_231661	95.65	23	1	0	1	23	105	127	7e-09	48.9
antigen29|Q2FYP2|BA000018.3|mhcii|seq3709	N_231661	95.83	24	1	0	1	24	105	128	1e-09	50.8
antigen29|Q2FYP2|BA000018.3|mhcii|seq3710	N_231661	96.00	25	1	0	1	25	105	129	6e-11	54.7
antigen29|Q2FYP2|BA000018.3|mhcii|seq3725	N_231661	88.00	25	3	0	1	25	280	304	3e-07	44.3
antigen29|Q2FYP2|BA000018.3|mhcii|seq3766	N_231661	79.17	24	5	0	1	24	287	310	8e-07	42.7
antigen29|Q2FYP2|BA000018.3|mhcii|seq3767	N_231661	80.00	25	5	0	1	25	287	311	5e-08	46.6
antigen29|Q2FYP2|BA000018.3|mhcii|seq3797	N_231661	88.00	25	3	0	1	25	278	302	3e-07	44.3
antigen29|Q2FYP2|BA000018.3|mhcii|seq3842	N_231661	75.00	24	6	0	2	25	359	382	9e-07	42.7
antigen29|Q2FYP2|BA000018.3|mhcii|seq3869	N_231661	90.91	22	2	0	1	22	163	184	3e-07	43.9
antigen29|Q2FYP2|BA000018.3|mhcii|seq3870	N_231661	90.91	22	2	0	1	22	163	184	3e-07	43.9
antigen29|Q2FYP2|BA000018.3|mhcii|seq3871	N_231661	87.50	24	3	0	1	24	163	186	2e-07	44.7
antigen29|Q2FYP2|BA000018.3|mhcii|seq3872	N_231661	88.00	25	3	0	1	25	163	187	3e-08	47.0
antigen29|Q2FYP2|BA000018.3|mhcii|seq3884	N_231661	81.82	22	4	0	1	22	445	466	7e-07	42.7
antigen29|Q2FYP2|BA000018.3|mhcii|seq3885	N_231661	82.61	23	4	0	1	23	445	467	2e-07	44.7
antigen29|Q2FYP2|BA000018.3|mhcii|seq3886	N_231661	83.33	24	4	0	1	24	445	468	3e-08	47.0
antigen29|Q2FYP2|BA000018.3|mhcii|seq3887	N_231661	84.00	25	4	0	1	25	445	469	3e-09	50.1
antigen29|Q2FYP2|BA000018.3|mhcii|seq3899	N_231661	72.73	22	6	0	1	22	231	252	7e-07	42.7
antigen29|Q2FYP2|BA000018.3|mhcii|seq3900	N_231661	73.91	23	6	0	1	23	231	253	3e-07	43.9
antigen29|Q2FYP2|BA000018.3|mhcii|seq3901	N_231661	73.91	23	6	0	1	23	231	253	4e-07	43.9
antigen29|Q2FYP2|BA000018.3|mhcii|seq3902	N_231661	72.00	25	7	0	1	25	231	255	1e-07	45.4
antigen29|Q2FYP2|BA000018.3|mhcii|seq3913	N_231661	85.71	21	3	0	1	21	377	397	3e-07	43.9
antigen29|Q2FYP2|BA000018.3|mhcii|seq3914	N_231661	85.71	21	3	0	1	21	377	397	2e-07	44.3
antigen29|Q2FYP2|BA000018.3|mhcii|seq3915	N_231661	85.71	21	3	0	1	21	377	397	3e-07	44.3
antigen29|Q2FYP2|BA000018.3|mhcii|seq3916	N_231661	75.00	24	6	0	1	24	377	400	1e-07	45.1
antigen29|Q2FYP2|BA000018.3|mhcii|seq3917	N_231661	76.00	25	6	0	1	25	377	401	3e-08	47.4
antigen29|Q2FYP2|BA000018.3|mhcii|seq3931	N_231661	70.83	24	7	0	1	24	365	388	2e-07	44.7
antigen29|Q2FYP2|BA000018.3|mhcii|seq3932	N_231661	72.00	25	7	0	1	25	365	389	5e-08	46.2
antigen29|Q2FYP2|BA000018.3|mhcii|seq3959	N_231661	86.36	22	3	0	1	22	166	187	1e-06	42.4
antigen29|Q2FYP2|BA000018.3|mhcii|seq3960	N_231661	82.61	23	4	0	1	23	166	188	5e-07	43.1
antigen29|Q2FYP2|BA000018.3|mhcii|seq3961	N_231661	82.61	23	4	0	1	23	166	188	3e-07	43.9
antigen29|Q2FYP2|BA000018.3|mhcii|seq3962	N_231661	80.00	25	5	0	1	25	166	190	1e-07	45.1
antigen29|Q2FYP2|BA000018.3|mhcii|seq3987	N_231661	85.00	20	3	0	1	20	294	313	1e-07	44.7
antigen29|Q2FYP2|BA000018.3|mhcii|seq3988	N_231661	85.71	21	3	0	1	21	294	314	6e-08	46.2
antigen29|Q2FYP2|BA000018.3|mhcii|seq3989	N_231661	86.36	22	3	0	1	22	294	315	1e-08	47.8
antigen29|Q2FYP2|BA000018.3|mhcii|seq3990	N_231661	86.96	23	3	0	1	23	294	316	2e-09	50.4
antigen29|Q2FYP2|BA000018.3|mhcii|seq3991	N_231661	87.50	24	3	0	1	24	294	317	4e-10	52.4
antigen29|Q2FYP2|BA000018.3|mhcii|seq3992	N_231661	88.00	25	3	0	1	25	294	318	9e-11	54.3
antigen29|Q2FYP2|BA000018.3|mhcii|seq4005	N_231661	78.26	23	5	0	1	23	179	201	7e-07	42.7
antigen29|Q2FYP2|BA000018.3|mhcii|seq4006	N_231661	75.00	24	6	0	1	24	179	202	6e-07	43.1
antigen29|Q2FYP2|BA000018.3|mhcii|seq4007	N_231661	76.00	25	6	0	1	25	179	203	1e-07	45.1
antigen29|Q2FYP2|BA000018.3|mhcii|seq4020	N_231661	86.96	23	3	0	1	23	463	485	4e-07	43.5
antigen29|Q2FYP2|BA000018.3|mhcii|seq4021	N_231661	87.50	24	3	0	1	24	463	486	8e-08	45.8
antigen29|Q2FYP2|BA000018.3|mhcii|seq4022	N_231661	88.00	25	3	0	1	25	463	487	1e-08	48.1
antigen29|Q2FYP2|BA000018.3|mhcii|seq4032	N_231661	80.00	20	4	0	1	20	225	244	5e-07	43.5
antigen29|Q2FYP2|BA000018.3|mhcii|seq4033	N_231661	80.95	21	4	0	1	21	225	245	1e-07	45.4
antigen29|Q2FYP2|BA000018.3|mhcii|seq4034	N_231661	81.82	22	4	0	1	22	225	246	3e-08	47.0
antigen29|Q2FYP2|BA000018.3|mhcii|seq4035	N_231661	82.61	23	4	0	1	23	225	247	8e-09	48.5
antigen29|Q2FYP2|BA000018.3|mhcii|seq4036	N_231661	82.61	23	4	0	1	23	225	247	1e-08	48.1
antigen29|Q2FYP2|BA000018.3|mhcii|seq4037	N_231661	80.00	25	5	0	1	25	225	249	6e-09	48.9
antigen29|Q2FYP2|BA000018.3|mhcii|seq4051	N_231661	79.17	24	5	0	1	24	186	209	4e-07	43.9
antigen29|Q2FYP2|BA000018.3|mhcii|seq4052	N_231661	80.00	25	5	0	1	25	186	210	3e-08	47.0
antigen29|Q2FYP2|BA000018.3|mhcii|seq4112	N_231661	80.00	25	5	0	1	25	82	106	5e-07	43.5
antigen29|Q2FYP2|BA000018.3|mhcii|seq4123	N_231661	90.48	21	2	0	1	21	194	214	3e-07	43.9
antigen29|Q2FYP2|BA000018.3|mhcii|seq4124	N_231661	90.91	22	2	0	1	22	194	215	1e-07	45.4
antigen29|Q2FYP2|BA000018.3|mhcii|seq4125	N_231661	91.30	23	2	0	1	23	194	216	2e-08	47.4
antigen29|Q2FYP2|BA000018.3|mhcii|seq4126	N_231661	91.30	23	2	0	1	23	194	216	3e-08	47.0
antigen29|Q2FYP2|BA000018.3|mhcii|seq4127	N_231661	88.00	25	3	0	1	25	194	218	7e-09	48.9
antigen29|Q2FYP2|BA000018.3|mhcii|seq4155	N_231661	82.61	23	4	0	1	23	289	311	6e-08	46.2
antigen29|Q2FYP2|BA000018.3|mhcii|seq4156	N_231661	83.33	24	4	0	1	24	289	312	2e-08	47.4
antigen29|Q2FYP2|BA000018.3|mhcii|seq4157	N_231661	84.00	25	4	0	1	25	289	313	3e-09	49.7
antigen29|Q2FYP2|BA000018.3|mhcii|seq4196	N_231661	94.74	19	1	0	1	19	16	34	5e-07	43.1
antigen29|Q2FYP2|BA000018.3|mhcii|seq4197	N_231661	95.00	20	1	0	1	20	16	35	1e-07	44.7
antigen29|Q2FYP2|BA000018.3|mhcii|seq4198	N_231661	95.24	21	1	0	1	21	16	36	3e-08	47.0
antigen29|Q2FYP2|BA000018.3|mhcii|seq4199	N_231661	95.45	22	1	0	1	22	16	37	4e-09	49.3
antigen29|Q2FYP2|BA000018.3|mhcii|seq4200	N_231661	95.65	23	1	0	1	23	16	38	1e-09	51.2
antigen29|Q2FYP2|BA000018.3|mhcii|seq4201	N_231661	95.83	24	1	0	1	24	16	39	1e-10	53.5
antigen29|Q2FYP2|BA000018.3|mhcii|seq4202	N_231661	96.00	25	1	0	1	25	16	40	4e-11	55.1
antigen29|Q2FYP2|BA000018.3|mhcii|seq4216	N_231661	79.17	24	5	0	1	24	170	193	6e-08	46.2
antigen29|Q2FYP2|BA000018.3|mhcii|seq4217	N_231661	80.00	25	5	0	1	25	170	194	2e-08	47.8
antigen29|Q2FYP2|BA000018.3|mhcii|seq4229	N_231661	90.91	22	2	0	1	22	427	448	6e-07	43.1
antigen29|Q2FYP2|BA000018.3|mhcii|seq4230	N_231661	91.30	23	2	0	1	23	427	449	1e-07	45.4
antigen29|Q2FYP2|BA000018.3|mhcii|seq4231	N_231661	91.67	24	2	0	1	24	427	450	3e-08	47.0
antigen29|Q2FYP2|BA000018.3|mhcii|seq4232	N_231661	92.00	25	2	0	1	25	427	451	1e-08	48.5
antigen29|Q2FYP2|BA000018.3|mhcii|seq4275	N_231661	91.30	23	2	0	1	23	423	445	3e-07	43.9
antigen29|Q2FYP2|BA000018.3|mhcii|seq4276	N_231661	91.67	24	2	0	1	24	423	446	9e-08	45.4
antigen29|Q2FYP2|BA000018.3|mhcii|seq4277	N_231661	92.00	25	2	0	1	25	423	447	1e-08	47.8
antigen29|Q2FYP2|BA000018.3|mhcii|seq4306	N_231661	83.33	24	4	0	1	24	32	55	2e-07	44.7
antigen29|Q2FYP2|BA000018.3|mhcii|seq4307	N_231661	84.00	25	4	0	1	25	32	56	5e-08	46.2
antigen29|Q2FYP2|BA000018.3|mhcii|seq4333	N_231661	90.48	21	2	0	1	21	198	218	5e-07	43.1
antigen29|Q2FYP2|BA000018.3|mhcii|seq4334	N_231661	90.91	22	2	0	1	22	198	219	9e-09	48.5
antigen29|Q2FYP2|BA000018.3|mhcii|seq4335	N_231661	91.30	23	2	0	1	23	198	220	2e-09	50.4
antigen29|Q2FYP2|BA000018.3|mhcii|seq4336	N_231661	91.67	24	2	0	1	24	198	221	1e-10	53.5
antigen29|Q2FYP2|BA000018.3|mhcii|seq4337	N_231661	92.00	25	2	0	1	25	198	222	4e-11	55.5
antigen29|Q2FYP2|BA000018.3|mhcii|seq4425	N_231661	86.96	23	3	0	1	23	165	187	3e-07	43.9
antigen29|Q2FYP2|BA000018.3|mhcii|seq4426	N_231661	83.33	24	4	0	1	24	165	188	2e-07	45.1
antigen29|Q2FYP2|BA000018.3|mhcii|seq4427	N_231661	83.33	24	4	0	1	24	165	188	1e-07	45.4
antigen29|Q2FYP2|BA000018.3|mhcii|seq4441	N_231661	79.17	24	5	0	1	24	178	201	2e-07	44.3
antigen29|Q2FYP2|BA000018.3|mhcii|seq4442	N_231661	76.00	25	6	0	1	25	178	202	2e-07	44.7
antigen29|Q2FYP2|BA000018.3|mhcii|seq4456	N_231661	83.33	24	4	0	1	24	462	485	3e-07	44.3
antigen29|Q2FYP2|BA000018.3|mhcii|seq4457	N_231661	84.00	25	4	0	1	25	462	486	5e-08	46.2
antigen29|Q2FYP2|BA000018.3|mhcii|seq4501	N_231661	79.17	24	5	0	1	24	177	200	4e-07	43.5
antigen29|Q2FYP2|BA000018.3|mhcii|seq4502	N_231661	80.00	25	5	0	1	25	177	201	7e-08	46.2
antigen29|Q2FYP2|BA000018.3|mhcii|seq4514	N_231661	86.36	22	3	0	1	22	461	482	9e-07	42.7
antigen29|Q2FYP2|BA000018.3|mhcii|seq4515	N_231661	86.36	22	3	0	1	22	461	482	9e-07	42.7
antigen29|Q2FYP2|BA000018.3|mhcii|seq4516	N_231661	83.33	24	4	0	1	24	461	484	7e-07	43.1
antigen29|Q2FYP2|BA000018.3|mhcii|seq4517	N_231661	84.00	25	4	0	1	25	461	485	1e-07	45.4
antigen29|Q2FYP2|BA000018.3|mhcii|seq4557	N_231661	80.95	21	4	0	1	21	215	235	7e-07	42.7
antigen29|Q2FYP2|BA000018.3|mhcii|seq4558	N_231661	81.82	22	4	0	1	22	215	236	1e-07	45.1
antigen29|Q2FYP2|BA000018.3|mhcii|seq4559	N_231661	82.61	23	4	0	1	23	215	237	1e-08	48.1
antigen29|Q2FYP2|BA000018.3|mhcii|seq4560	N_231661	83.33	24	4	0	1	24	215	238	2e-09	50.1
antigen29|Q2FYP2|BA000018.3|mhcii|seq4561	N_231661	84.00	25	4	0	1	25	215	239	3e-10	52.8
antigen29|Q2FYP2|BA000018.3|mhcii|seq4574	N_231661	91.30	23	2	0	1	23	265	287	4e-07	43.5
antigen29|Q2FYP2|BA000018.3|mhcii|seq4575	N_231661	91.30	23	2	0	1	23	265	287	5e-07	43.5
antigen29|Q2FYP2|BA000018.3|mhcii|seq4576	N_231661	88.00	25	3	0	1	25	265	289	3e-07	44.3
antigen29|Q2FYP2|BA000018.3|mhcii|seq4602	N_231661	90.48	21	2	0	1	21	9	29	2e-07	44.3
antigen29|Q2FYP2|BA000018.3|mhcii|seq4603	N_231661	90.91	22	2	0	1	22	9	30	2e-08	47.4
antigen29|Q2FYP2|BA000018.3|mhcii|seq4604	N_231661	91.30	23	2	0	1	23	9	31	3e-09	49.7
antigen29|Q2FYP2|BA000018.3|mhcii|seq4605	N_231661	91.67	24	2	0	1	24	9	32	9e-10	51.2
antigen29|Q2FYP2|BA000018.3|mhcii|seq4606	N_231661	92.00	25	2	0	1	25	9	33	2e-10	53.1
antigen29|Q2FYP2|BA000018.3|mhcii|seq4619	N_231661	91.30	23	2	0	1	23	419	441	4e-07	43.9
antigen29|Q2FYP2|BA000018.3|mhcii|seq4620	N_231661	91.67	24	2	0	1	24	419	442	4e-08	46.6
antigen29|Q2FYP2|BA000018.3|mhcii|seq4621	N_231661	92.00	25	2	0	1	25	419	443	6e-09	48.9
antigen29|Q2FYP2|BA000018.3|mhcii|seq4636	N_231661	80.00	25	4	1	1	25	406	429	4e-07	43.9
antigen29|Q2FYP2|BA000018.3|mhcii|seq4663	N_231661	86.36	22	3	0	1	22	440	461	6e-07	43.1
antigen29|Q2FYP2|BA000018.3|mhcii|seq4664	N_231661	82.61	23	4	0	1	23	440	462	4e-07	43.9
antigen29|Q2FYP2|BA000018.3|mhcii|seq4665	N_231661	83.33	24	4	0	1	24	440	463	1e-07	45.4
antigen29|Q2FYP2|BA000018.3|mhcii|seq4666	N_231661	84.00	25	4	0	1	25	440	464	2e-08	47.4
antigen29|Q2FYP2|BA000018.3|mhcii|seq4694	N_231661	82.61	23	4	0	1	23	450	472	9e-07	42.7
antigen29|Q2FYP2|BA000018.3|mhcii|seq4695	N_231661	83.33	24	4	0	1	24	450	473	2e-07	44.7
antigen29|Q2FYP2|BA000018.3|mhcii|seq4696	N_231661	84.00	25	4	0	1	25	450	474	6e-08	46.2
antigen29|Q2FYP2|BA000018.3|mhcii|seq4724	N_231661	86.96	23	3	0	1	23	455	477	5e-07	43.5
antigen29|Q2FYP2|BA000018.3|mhcii|seq4725	N_231661	83.33	24	4	0	1	24	455	478	3e-07	44.3
antigen29|Q2FYP2|BA000018.3|mhcii|seq4726	N_231661	84.00	25	4	0	1	25	455	479	6e-08	46.2
antigen29|Q2FYP2|BA000018.3|mhcii|seq4739	N_231661	77.27	22	5	0	2	23	385	406	4e-07	43.9
antigen29|Q2FYP2|BA000018.3|mhcii|seq4740	N_231661	78.26	23	5	0	2	24	385	407	5e-08	46.2
antigen29|Q2FYP2|BA000018.3|mhcii|seq4741	N_231661	79.17	24	5	0	2	25	385	408	9e-09	48.5
antigen29|Q2FYP2|BA000018.3|mhcii|seq4755	N_231661	79.17	24	4	1	1	24	402	424	4e-07	43.9
antigen29|Q2FYP2|BA000018.3|mhcii|seq4756	N_231661	80.00	25	4	1	1	25	402	425	5e-08	46.2
antigen29|Q2FYP2|BA000018.3|mhcii|seq4767	N_231661	90.48	21	2	0	1	21	92	112	7e-07	42.7
antigen29|Q2FYP2|BA000018.3|mhcii|seq4768	N_231661	90.91	22	2	0	1	22	92	113	1e-07	45.4
antigen29|Q2FYP2|BA000018.3|mhcii|seq4769	N_231661	91.30	23	2	0	1	23	92	114	3e-08	47.0
antigen29|Q2FYP2|BA000018.3|mhcii|seq4770	N_231661	91.67	24	2	0	1	24	92	115	4e-09	49.7
antigen29|Q2FYP2|BA000018.3|mhcii|seq4771	N_231661	92.00	25	2	0	1	25	92	116	8e-10	51.6
antigen29|Q2FYP2|BA000018.3|mhcii|seq4813	N_231661	77.27	22	5	0	1	22	369	390	5e-07	43.1
antigen29|Q2FYP2|BA000018.3|mhcii|seq4814	N_231661	78.26	23	5	0	1	23	369	391	1e-07	45.4
antigen29|Q2FYP2|BA000018.3|mhcii|seq4815	N_231661	79.17	24	5	0	1	24	369	392	3e-08	47.0
antigen29|Q2FYP2|BA000018.3|mhcii|seq4816	N_231661	80.00	25	5	0	1	25	369	393	2e-08	47.8
antigen29|Q2FYP2|BA000018.3|mhcii|seq4828	N_231661	90.91	22	2	0	1	22	96	117	3e-07	43.9
antigen29|Q2FYP2|BA000018.3|mhcii|seq4829	N_231661	91.30	23	2	0	1	23	96	118	3e-08	47.0
antigen29|Q2FYP2|BA000018.3|mhcii|seq4830	N_231661	91.67	24	2	0	1	24	96	119	6e-09	48.9
antigen29|Q2FYP2|BA000018.3|mhcii|seq4831	N_231661	92.00	25	2	0	1	25	96	120	2e-09	50.4
antigen29|Q2FYP2|BA000018.3|mhcii|seq4845	N_231661	83.33	24	4	0	1	24	262	285	3e-07	43.9
antigen29|Q2FYP2|BA000018.3|mhcii|seq4846	N_231661	84.00	25	4	0	1	25	262	286	9e-08	45.8
antigen29|Q2FYP2|BA000018.3|mhcii|seq4856	N_231661	100.00	20	0	0	1	20	104	123	2e-07	44.3
antigen29|Q2FYP2|BA000018.3|mhcii|seq4857	N_231661	100.00	21	0	0	1	21	104	124	5e-08	46.2
antigen29|Q2FYP2|BA000018.3|mhcii|seq4858	N_231661	100.00	22	0	0	1	22	104	125	2e-08	47.8
antigen29|Q2FYP2|BA000018.3|mhcii|seq4859	N_231661	95.65	23	1	0	1	23	104	126	7e-09	48.9
antigen29|Q2FYP2|BA000018.3|mhcii|seq4860	N_231661	95.83	24	1	0	1	24	104	127	1e-09	51.2
antigen29|Q2FYP2|BA000018.3|mhcii|seq4861	N_231661	96.00	25	1	0	1	25	104	128	2e-10	53.1
antigen29|Q2FYP2|BA000018.3|mhcii|seq4874	N_231661	91.30	23	2	0	1	23	426	448	1e-07	45.4
antigen29|Q2FYP2|BA000018.3|mhcii|seq4875	N_231661	91.67	24	2	0	1	24	426	449	2e-08	47.4
antigen29|Q2FYP2|BA000018.3|mhcii|seq4876	N_231661	92.00	25	2	0	1	25	426	450	5e-09	49.3
antigen29|Q2FYP2|BA000018.3|mhcii|seq4891	N_231661	80.00	25	5	0	1	25	1	25	2e-07	44.3
antigen29|Q2FYP2|BA000018.3|mhcii|seq4905	N_231661	83.33	24	4	0	1	24	449	472	3e-07	43.9
antigen29|Q2FYP2|BA000018.3|mhcii|seq4906	N_231661	84.00	25	4	0	1	25	449	473	4e-08	46.6
antigen29|Q2FYP2|BA000018.3|mhcii|seq4918	N_231661	86.36	22	3	0	1	22	454	475	6e-07	43.1
antigen29|Q2FYP2|BA000018.3|mhcii|seq4919	N_231661	86.96	23	3	0	1	23	454	476	3e-07	43.9
antigen29|Q2FYP2|BA000018.3|mhcii|seq4920	N_231661	87.50	24	3	0	1	24	454	477	8e-08	45.8
antigen29|Q2FYP2|BA000018.3|mhcii|seq4921	N_231661	84.00	25	4	0	1	25	454	478	5e-08	46.2
antigen29|Q2FYP2|BA000018.3|mhcii|seq4934	N_231661	86.36	22	3	0	2	23	454	475	6e-07	43.1
antigen29|Q2FYP2|BA000018.3|mhcii|seq4935	N_231661	86.96	23	3	0	2	24	454	476	3e-07	44.3
antigen29|Q2FYP2|BA000018.3|mhcii|seq4936	N_231661	87.50	24	3	0	2	25	454	477	7e-08	45.8
antigen29|Q2FYP2|BA000018.3|mhcii|seq4966	N_231661	76.00	25	5	1	1	25	400	423	3e-07	44.3
antigen29|Q2FYP2|BA000018.3|mhcii|seq5011	N_231661	88.00	25	3	0	1	25	275	299	2e-07	44.7
antigen29|Q2FYP2|BA000018.3|mhcii|seq5019	N_231661	100.00	18	0	0	1	18	28	45	5e-07	43.1
antigen29|Q2FYP2|BA000018.3|mhcii|seq5020	N_231661	94.74	19	1	0	1	19	28	46	2e-07	44.3
antigen29|Q2FYP2|BA000018.3|mhcii|seq5021	N_231661	95.00	20	1	0	1	20	28	47	6e-08	45.8
antigen29|Q2FYP2|BA000018.3|mhcii|seq5022	N_231661	95.24	21	1	0	1	21	28	48	2e-08	47.4
antigen29|Q2FYP2|BA000018.3|mhcii|seq5023	N_231661	95.45	22	1	0	1	22	28	49	3e-09	49.7
antigen29|Q2FYP2|BA000018.3|mhcii|seq5024	N_231661	95.65	23	1	0	1	23	28	50	6e-10	52.0
antigen29|Q2FYP2|BA000018.3|mhcii|seq5025	N_231661	91.67	24	2	0	1	24	28	51	3e-10	52.4
antigen29|Q2FYP2|BA000018.3|mhcii|seq5026	N_231661	88.00	25	3	0	1	25	28	52	2e-10	53.1
antigen29|Q2FYP2|BA000018.3|mhcii|seq5096	N_231661	90.00	20	2	0	1	20	200	219	1e-07	45.1
antigen29|Q2FYP2|BA000018.3|mhcii|seq5097	N_231661	90.48	21	2	0	1	21	200	220	3e-08	47.0
antigen29|Q2FYP2|BA000018.3|mhcii|seq5098	N_231661	90.91	22	2	0	1	22	200	221	2e-09	50.1
antigen29|Q2FYP2|BA000018.3|mhcii|seq5099	N_231661	91.30	23	2	0	1	23	200	222	5e-10	52.0
antigen29|Q2FYP2|BA000018.3|mhcii|seq5100	N_231661	91.67	24	2	0	1	24	200	223	1e-10	53.5
antigen29|Q2FYP2|BA000018.3|mhcii|seq5101	N_231661	92.00	25	2	0	1	25	200	224	3e-11	55.8
antigen29|Q2FYP2|BA000018.3|mhcii|seq5131	N_231661	76.00	25	6	0	1	25	184	208	4e-07	43.5
antigen29|Q2FYP2|BA000018.3|mhcii|seq5161	N_231661	76.00	25	6	0	1	25	468	492	6e-07	43.5
antigen29|Q2FYP2|BA000018.3|mhcii|seq5170	N_231661	94.74	19	1	0	1	19	21	39	3e-07	43.9
antigen29|Q2FYP2|BA000018.3|mhcii|seq5171	N_231661	95.00	20	1	0	1	20	21	40	6e-08	45.8
antigen29|Q2FYP2|BA000018.3|mhcii|seq5172	N_231661	95.24	21	1	0	1	21	21	41	2e-08	47.4
antigen29|Q2FYP2|BA000018.3|mhcii|seq5173	N_231661	95.45	22	1	0	1	22	21	42	4e-09	49.3
antigen29|Q2FYP2|BA000018.3|mhcii|seq5174	N_231661	95.65	23	1	0	1	23	21	43	5e-10	52.0
antigen29|Q2FYP2|BA000018.3|mhcii|seq5175	N_231661	95.83	24	1	0	1	24	21	44	2e-10	53.5
antigen29|Q2FYP2|BA000018.3|mhcii|seq5176	N_231661	96.00	25	1	0	1	25	21	45	4e-11	55.5
antigen29|Q2FYP2|BA000018.3|mhcii|seq5191	N_231661	80.00	25	5	0	1	25	255	279	3e-07	43.9
antigen29|Q2FYP2|BA000018.3|mhcii|seq5248	N_231661	79.17	24	4	1	1	24	401	423	6e-07	43.1
antigen29|Q2FYP2|BA000018.3|mhcii|seq5249	N_231661	80.00	25	4	1	1	25	401	424	8e-08	45.8
antigen29|Q2FYP2|BA000018.3|mhcii|seq5264	N_231661	72.00	25	6	1	1	25	399	422	9e-07	42.7
antigen29|Q2FYP2|BA000018.3|mhcii|seq5279	N_231661	79.17	24	5	0	2	25	159	182	5e-07	43.5
antigen29|Q2FYP2|BA000018.3|mhcii|seq5290	N_231661	80.95	21	4	0	1	21	216	236	4e-07	43.5
antigen29|Q2FYP2|BA000018.3|mhcii|seq5291	N_231661	81.82	22	4	0	1	22	216	237	4e-08	46.2
antigen29|Q2FYP2|BA000018.3|mhcii|seq5292	N_231661	82.61	23	4	0	1	23	216	238	8e-09	48.5
antigen29|Q2FYP2|BA000018.3|mhcii|seq5293	N_231661	83.33	24	4	0	1	24	216	239	1e-09	51.2
antigen29|Q2FYP2|BA000018.3|mhcii|seq5294	N_231661	84.00	25	4	0	1	25	216	240	3e-11	55.8
antigen29|Q2FYP2|BA000018.3|mhcii|seq5323	N_231661	79.17	24	5	0	1	24	159	182	5e-07	43.5
antigen29|Q2FYP2|BA000018.3|mhcii|seq5324	N_231661	80.00	25	5	0	1	25	159	183	9e-08	45.4
antigen29|Q2FYP2|BA000018.3|mhcii|seq5350	N_231661	76.19	21	5	0	1	21	391	411	8e-07	42.7
antigen29|Q2FYP2|BA000018.3|mhcii|seq5352	N_231661	73.91	23	6	0	1	23	391	413	3e-07	44.3
antigen29|Q2FYP2|BA000018.3|mhcii|seq5353	N_231661	70.83	24	7	0	1	24	391	414	2e-07	44.7
antigen29|Q2FYP2|BA000018.3|mhcii|seq5354	N_231661	70.83	24	7	0	1	24	391	414	2e-07	44.7
antigen29|Q2FYP2|BA000018.3|mhcii|seq5378	N_231661	94.74	19	1	0	1	19	203	221	1e-07	44.7
antigen29|Q2FYP2|BA000018.3|mhcii|seq5379	N_231661	95.00	20	1	0	1	20	203	222	4e-08	46.6
antigen29|Q2FYP2|BA000018.3|mhcii|seq5380	N_231661	95.24	21	1	0	1	21	203	223	1e-08	48.1
antigen29|Q2FYP2|BA000018.3|mhcii|seq5381	N_231661	95.45	22	1	0	1	22	203	224	2e-09	50.4
antigen29|Q2FYP2|BA000018.3|mhcii|seq5382	N_231661	95.65	23	1	0	1	23	203	225	5e-10	52.0
antigen29|Q2FYP2|BA000018.3|mhcii|seq5383	N_231661	95.83	24	1	0	1	24	203	226	7e-11	54.7
antigen29|Q2FYP2|BA000018.3|mhcii|seq5384	N_231661	96.00	25	1	0	1	25	203	227	9e-12	57.0
antigen29|Q2FYP2|BA000018.3|mhcii|seq5395	N_231661	85.00	20	3	0	2	21	218	237	3e-07	43.9
antigen29|Q2FYP2|BA000018.3|mhcii|seq5396	N_231661	85.71	21	3	0	2	22	218	238	4e-08	46.6
antigen29|Q2FYP2|BA000018.3|mhcii|seq5397	N_231661	86.36	22	3	0	2	23	218	239	5e-09	48.9
antigen29|Q2FYP2|BA000018.3|mhcii|seq5398	N_231661	86.96	23	3	0	2	24	218	240	2e-10	53.5
antigen29|Q2FYP2|BA000018.3|mhcii|seq5399	N_231661	87.50	24	3	0	2	25	218	241	2e-11	56.2
antigen29|Q2FYP2|BA000018.3|mhcii|seq5412	N_231661	82.61	23	4	0	1	23	459	481	3e-07	44.3
antigen29|Q2FYP2|BA000018.3|mhcii|seq5413	N_231661	83.33	24	4	0	1	24	459	482	8e-08	45.8
antigen29|Q2FYP2|BA000018.3|mhcii|seq5414	N_231661	83.33	24	4	0	1	24	459	482	8e-08	45.8
antigen29|Q2FYP2|BA000018.3|mhcii|seq5442	N_231661	78.26	23	5	0	1	23	236	258	9e-07	42.7
antigen29|Q2FYP2|BA000018.3|mhcii|seq5443	N_231661	79.17	24	5	0	1	24	236	259	2e-07	44.3
antigen29|Q2FYP2|BA000018.3|mhcii|seq5444	N_231661	80.00	25	5	0	1	25	236	260	6e-08	46.2
antigen29|Q2FYP2|BA000018.3|mhcii|seq5456	N_231661	85.71	21	3	0	2	22	190	210	6e-07	43.1
antigen29|Q2FYP2|BA000018.3|mhcii|seq5457	N_231661	86.36	22	3	0	2	23	190	211	1e-07	45.1
antigen29|Q2FYP2|BA000018.3|mhcii|seq5458	N_231661	86.96	23	3	0	2	24	190	212	2e-08	47.4
antigen29|Q2FYP2|BA000018.3|mhcii|seq5459	N_231661	87.50	24	3	0	2	25	190	213	2e-09	50.4
antigen29|Q2FYP2|BA000018.3|mhcii|seq5471	N_231661	80.95	21	4	0	2	22	372	392	4e-07	43.5
antigen29|Q2FYP2|BA000018.3|mhcii|seq5472	N_231661	81.82	22	4	0	2	23	372	393	1e-07	45.1
antigen29|Q2FYP2|BA000018.3|mhcii|seq5473	N_231661	78.26	23	5	0	2	24	372	394	6e-08	46.2
antigen29|Q2FYP2|BA000018.3|mhcii|seq5474	N_231661	79.17	24	5	0	2	25	372	395	9e-09	48.5
antigen29|Q2FYP2|BA000018.3|mhcii|seq5484	N_231661	100.00	20	0	0	1	20	106	125	8e-07	42.7
antigen29|Q2FYP2|BA000018.3|mhcii|seq5485	N_231661	95.24	21	1	0	1	21	106	126	4e-07	43.5
antigen29|Q2FYP2|BA000018.3|mhcii|seq5486	N_231661	95.45	22	1	0	1	22	106	127	3e-08	46.6
antigen29|Q2FYP2|BA000018.3|mhcii|seq5487	N_231661	95.65	23	1	0	1	23	106	128	1e-08	48.1
antigen29|Q2FYP2|BA000018.3|mhcii|seq5488	N_231661	95.83	24	1	0	1	24	106	129	2e-10	53.1
antigen29|Q2FYP2|BA000018.3|mhcii|seq5489	N_231661	95.83	24	1	0	1	24	106	129	3e-10	52.8
antigen29|Q2FYP2|BA000018.3|mhcii|seq5501	N_231661	81.82	22	4	0	1	22	174	195	7e-07	42.7
antigen29|Q2FYP2|BA000018.3|mhcii|seq5502	N_231661	78.26	23	5	0	1	23	174	196	6e-07	43.1
antigen29|Q2FYP2|BA000018.3|mhcii|seq5503	N_231661	79.17	24	5	0	1	24	174	197	9e-08	45.4
antigen29|Q2FYP2|BA000018.3|mhcii|seq5504	N_231661	80.00	25	5	0	1	25	174	198	3e-08	47.0
antigen29|Q2FYP2|BA000018.3|mhcii|seq5560	N_231661	80.95	21	4	0	1	21	388	408	7e-07	42.7
antigen29|Q2FYP2|BA000018.3|mhcii|seq5561	N_231661	81.82	22	4	0	1	22	388	409	9e-08	45.4
antigen29|Q2FYP2|BA000018.3|mhcii|seq5562	N_231661	78.26	23	5	0	1	23	388	410	5e-08	46.2
antigen29|Q2FYP2|BA000018.3|mhcii|seq5563	N_231661	79.17	24	5	0	1	24	388	411	3e-09	50.1
antigen29|Q2FYP2|BA000018.3|mhcii|seq5564	N_231661	79.17	24	5	0	1	24	388	411	6e-09	48.9
antigen29|Q2FYP2|BA000018.3|mhcii|seq5588	N_231661	89.47	19	2	0	1	19	299	317	2e-07	44.7
antigen29|Q2FYP2|BA000018.3|mhcii|seq5589	N_231661	90.00	20	2	0	1	20	299	318	3e-08	46.6
antigen29|Q2FYP2|BA000018.3|mhcii|seq5590	N_231661	85.71	21	3	0	1	21	299	319	2e-08	47.0
antigen29|Q2FYP2|BA000018.3|mhcii|seq5591	N_231661	86.36	22	3	0	1	22	299	320	7e-09	48.5
antigen29|Q2FYP2|BA000018.3|mhcii|seq5592	N_231661	86.36	22	3	0	1	22	299	320	6e-09	48.9
antigen29|Q2FYP2|BA000018.3|mhcii|seq5593	N_231661	83.33	24	4	0	1	24	299	322	5e-09	49.3
antigen29|Q2FYP2|BA000018.3|mhcii|seq5594	N_231661	80.00	25	5	0	1	25	299	323	3e-09	49.7
antigen29|Q2FYP2|BA000018.3|mhcii|seq5623	N_231661	75.00	24	6	0	1	24	182	205	3e-07	43.9
antigen29|Q2FYP2|BA000018.3|mhcii|seq5624	N_231661	76.00	25	6	0	1	25	182	206	8e-08	45.8
antigen29|Q2FYP2|BA000018.3|mhcii|seq5636	N_231661	86.36	22	3	0	1	22	466	487	9e-07	42.7
antigen29|Q2FYP2|BA000018.3|mhcii|seq5637	N_231661	82.61	23	4	0	1	23	466	488	6e-07	43.1
antigen29|Q2FYP2|BA000018.3|mhcii|seq5638	N_231661	79.17	24	5	0	1	24	466	489	4e-07	43.5
antigen29|Q2FYP2|BA000018.3|mhcii|seq5639	N_231661	76.00	25	6	0	1	25	466	490	3e-07	44.3
antigen29|Q2FYP2|BA000018.3|mhcii|seq5656	N_231661	87.50	24	3	0	1	24	281	304	8e-07	42.7
antigen29|Q2FYP2|BA000018.3|mhcii|seq5657	N_231661	88.00	25	3	0	1	25	281	305	4e-08	46.6
antigen29|Q2FYP2|BA000018.3|mhcii|seq5671	N_231661	87.50	24	3	0	1	24	266	289	1e-06	42.7
antigen29|Q2FYP2|BA000018.3|mhcii|seq5672	N_231661	88.00	25	3	0	1	25	266	290	8e-08	45.8
antigen29|Q2FYP2|BA000018.3|mhcii|seq5726	N_231661	82.61	23	4	0	1	23	160	182	7e-07	43.1
antigen29|Q2FYP2|BA000018.3|mhcii|seq5727	N_231661	83.33	24	4	0	1	24	160	183	1e-07	45.4
antigen29|Q2FYP2|BA000018.3|mhcii|seq5728	N_231661	84.00	25	4	0	1	25	160	184	2e-08	47.8
antigen29|Q2FYP2|BA000018.3|mhcii|seq5772	N_231661	82.61	23	4	0	2	24	289	311	7e-08	45.8
antigen29|Q2FYP2|BA000018.3|mhcii|seq5773	N_231661	83.33	24	4	0	2	25	289	312	3e-08	47.0
antigen29|Q2FYP2|BA000018.3|mhcii|seq5813	N_231661	85.00	20	3	0	1	20	298	317	1e-07	45.1
antigen29|Q2FYP2|BA000018.3|mhcii|seq5814	N_231661	85.71	21	3	0	1	21	298	318	3e-08	47.0
antigen29|Q2FYP2|BA000018.3|mhcii|seq5815	N_231661	81.82	22	4	0	1	22	298	319	2e-08	47.4
antigen29|Q2FYP2|BA000018.3|mhcii|seq5816	N_231661	82.61	23	4	0	1	23	298	320	6e-09	48.9
antigen29|Q2FYP2|BA000018.3|mhcii|seq5817	N_231661	82.61	23	4	0	1	23	298	320	6e-09	48.9
antigen29|Q2FYP2|BA000018.3|mhcii|seq5818	N_231661	80.00	25	5	0	1	25	298	322	4e-09	49.7
antigen29|Q2FYP2|BA000018.3|mhcii|seq5832	N_231661	79.17	24	5	0	1	24	168	191	4e-07	43.5
antigen29|Q2FYP2|BA000018.3|mhcii|seq5833	N_231661	79.17	24	5	0	1	24	168	191	5e-07	43.5
antigen29|Q2FYP2|BA000018.3|mhcii|seq5860	N_231661	86.36	22	3	0	1	22	414	435	6e-07	43.1
antigen29|Q2FYP2|BA000018.3|mhcii|seq5861	N_231661	86.96	23	3	0	1	23	414	436	2e-07	44.7
antigen29|Q2FYP2|BA000018.3|mhcii|seq5862	N_231661	87.50	24	3	0	1	24	414	437	3e-08	46.6
antigen29|Q2FYP2|BA000018.3|mhcii|seq5863	N_231661	84.00	25	4	0	1	25	414	438	2e-08	47.4
antigen29|Q2FYP2|BA000018.3|mhcii|seq5893	N_231661	83.33	24	4	0	2	25	4	27	3e-07	43.9
antigen29|Q2FYP2|BA000018.3|mhcii|seq5908	N_231661	80.00	25	4	1	1	25	408	431	5e-07	43.5
antigen29|Q2FYP2|BA000018.3|mhcii|seq5923	N_231661	80.00	25	5	0	1	25	115	139	9e-07	42.7
antigen29|Q2FYP2|BA000018.3|mhcii|seq5935	N_231661	81.82	22	4	0	1	22	447	468	4e-07	43.5
antigen29|Q2FYP2|BA000018.3|mhcii|seq5936	N_231661	82.61	23	4	0	1	23	447	469	4e-08	46.6
antigen29|Q2FYP2|BA000018.3|mhcii|seq5937	N_231661	83.33	24	4	0	1	24	447	470	1e-08	48.1
antigen29|Q2FYP2|BA000018.3|mhcii|seq5938	N_231661	84.00	25	4	0	1	25	447	471	2e-09	50.1
antigen29|Q2FYP2|BA000018.3|mhcii|seq5963	N_231661	90.00	20	2	0	1	20	10	29	7e-07	42.7
antigen29|Q2FYP2|BA000018.3|mhcii|seq5964	N_231661	90.48	21	2	0	1	21	10	30	8e-08	45.8
antigen29|Q2FYP2|BA000018.3|mhcii|seq5965	N_231661	90.91	22	2	0	1	22	10	31	1e-08	48.1
antigen29|Q2FYP2|BA000018.3|mhcii|seq5966	N_231661	91.30	23	2	0	1	23	10	32	3e-09	49.7
antigen29|Q2FYP2|BA000018.3|mhcii|seq5967	N_231661	91.67	24	2	0	1	24	10	33	7e-10	51.6
antigen29|Q2FYP2|BA000018.3|mhcii|seq5968	N_231661	92.00	25	2	0	1	25	10	34	9e-11	54.3
antigen29|Q2FYP2|BA000018.3|mhcii|seq5983	N_231661	92.00	25	2	0	1	25	271	295	1e-07	45.1
antigen29|Q2FYP2|BA000018.3|mhcii|seq5996	N_231661	91.30	23	2	0	1	23	420	442	2e-07	45.1
antigen29|Q2FYP2|BA000018.3|mhcii|seq5997	N_231661	91.67	24	2	0	1	24	420	443	2e-08	47.4
antigen29|Q2FYP2|BA000018.3|mhcii|seq5998	N_231661	92.00	25	2	0	1	25	420	444	8e-09	48.5
antigen29|Q2FYP2|BA000018.3|mhcii|seq6007	N_231661	89.47	19	2	0	1	19	212	230	8e-07	42.4
antigen29|Q2FYP2|BA000018.3|mhcii|seq6008	N_231661	85.00	20	3	0	1	20	212	231	6e-07	42.7
antigen29|Q2FYP2|BA000018.3|mhcii|seq6009	N_231661	80.95	21	4	0	1	21	212	232	3e-07	44.3
antigen29|Q2FYP2|BA000018.3|mhcii|seq6010	N_231661	81.82	22	4	0	1	22	212	233	3e-08	47.0
antigen29|Q2FYP2|BA000018.3|mhcii|seq6011	N_231661	82.61	23	4	0	1	23	212	234	8e-09	48.5
antigen29|Q2FYP2|BA000018.3|mhcii|seq6012	N_231661	83.33	24	4	0	1	24	212	235	1e-09	50.8
antigen29|Q2FYP2|BA000018.3|mhcii|seq6013	N_231661	84.00	25	4	0	1	25	212	236	2e-10	53.1
antigen29|Q2FYP2|BA000018.3|mhcii|seq6026	N_231661	82.61	23	4	0	1	23	285	307	9e-07	42.7
antigen29|Q2FYP2|BA000018.3|mhcii|seq6028	N_231661	80.00	25	5	0	1	25	285	309	2e-07	44.7
antigen29|Q2FYP2|BA000018.3|mhcii|seq6037	N_231661	94.74	19	1	0	1	19	14	32	8e-07	42.7
antigen29|Q2FYP2|BA000018.3|mhcii|seq6038	N_231661	95.00	20	1	0	1	20	14	33	2e-07	44.3
antigen29|Q2FYP2|BA000018.3|mhcii|seq6039	N_231661	95.24	21	1	0	1	21	14	34	2e-08	47.0
antigen29|Q2FYP2|BA000018.3|mhcii|seq6040	N_231661	95.45	22	1	0	1	22	14	35	6e-09	48.9
antigen29|Q2FYP2|BA000018.3|mhcii|seq6041	N_231661	95.65	23	1	0	1	23	14	36	1e-09	50.8
antigen29|Q2FYP2|BA000018.3|mhcii|seq6042	N_231661	95.83	24	1	0	1	24	14	37	2e-10	53.5
antigen29|Q2FYP2|BA000018.3|mhcii|seq6043	N_231661	96.00	25	1	0	1	25	14	38	4e-11	55.1
antigen29|Q2FYP2|BA000018.3|mhcii|seq6069	N_231661	90.48	21	2	0	1	21	91	111	4e-07	43.5
antigen29|Q2FYP2|BA000018.3|mhcii|seq6070	N_231661	90.91	22	2	0	1	22	91	112	1e-07	45.4
antigen29|Q2FYP2|BA000018.3|mhcii|seq6071	N_231661	91.30	23	2	0	1	23	91	113	1e-08	47.8
antigen29|Q2FYP2|BA000018.3|mhcii|seq6072	N_231661	91.67	24	2	0	1	24	91	114	4e-09	49.7
antigen29|Q2FYP2|BA000018.3|mhcii|seq6073	N_231661	92.00	25	2	0	1	25	91	115	6e-10	52.0
antigen29|Q2FYP2|BA000018.3|mhcii|seq6086	N_231661	91.30	23	2	0	1	23	425	447	3e-07	44.3
antigen29|Q2FYP2|BA000018.3|mhcii|seq6087	N_231661	91.67	24	2	0	1	24	425	448	2e-08	47.8
antigen29|Q2FYP2|BA000018.3|mhcii|seq6088	N_231661	92.00	25	2	0	1	25	425	449	3e-09	50.1
antigen29|Q2FYP2|BA000018.3|mhcii|seq6103	N_231661	80.00	25	4	1	1	25	407	430	2e-07	44.7
antigen29|Q2FYP2|BA000018.3|mhcii|seq6115	N_231661	77.27	22	5	0	1	22	302	323	6e-07	43.1
antigen29|Q2FYP2|BA000018.3|mhcii|seq6116	N_231661	77.27	22	5	0	1	22	302	323	8e-07	42.7
antigen29|Q2FYP2|BA000018.3|mhcii|seq6117	N_231661	75.00	24	6	0	1	24	302	325	3e-07	44.3
antigen29|Q2FYP2|BA000018.3|mhcii|seq6118	N_231661	72.00	25	7	0	1	25	302	326	2e-07	44.7
antigen29|Q2FYP2|BA000018.3|mhcii|seq6163	N_231661	72.00	25	7	0	1	25	303	327	4e-07	43.9
antigen29|Q2FYP2|BA000018.3|mhcii|seq6177	N_231661	91.67	24	2	0	1	24	273	296	1e-06	42.7
antigen29|Q2FYP2|BA000018.3|mhcii|seq6178	N_231661	92.00	25	2	0	1	25	273	297	2e-07	44.7
antigen29|Q2FYP2|BA000018.3|mhcii|seq6191	N_231661	86.36	22	3	0	2	23	458	479	6e-07	43.1
antigen29|Q2FYP2|BA000018.3|mhcii|seq6192	N_231661	82.61	23	4	0	2	24	458	480	5e-07	43.5
antigen29|Q2FYP2|BA000018.3|mhcii|seq6193	N_231661	83.33	24	4	0	2	25	458	481	7e-08	45.8
antigen29|Q2FYP2|BA000018.3|mhcii|seq6204	N_231661	95.24	21	1	0	1	21	109	129	1e-07	45.4
antigen29|Q2FYP2|BA000018.3|mhcii|seq6205	N_231661	95.24	21	1	0	1	21	109	129	1e-07	45.4
antigen29|Q2FYP2|BA000018.3|mhcii|seq6206	N_231661	91.30	23	2	0	1	23	109	131	4e-08	46.6
antigen29|Q2FYP2|BA000018.3|mhcii|seq6207	N_231661	91.67	24	2	0	1	24	109	132	2e-08	47.8
antigen29|Q2FYP2|BA000018.3|mhcii|seq6208	N_231661	88.00	25	3	0	1	25	109	133	1e-08	48.5
antigen29|Q2FYP2|BA000018.3|mhcii|seq6221	N_231661	69.57	23	7	0	1	23	392	414	9e-07	42.7
antigen29|Q2FYP2|BA000018.3|mhcii|seq6222	N_231661	69.57	23	7	0	1	23	392	414	9e-07	42.7
antigen29|Q2FYP2|BA000018.3|mhcii|seq6223	N_231661	69.57	23	7	0	1	23	392	414	8e-07	42.7
antigen29|Q2FYP2|BA000018.3|mhcii|seq6264	N_231661	80.95	21	4	0	1	21	375	395	3e-07	44.3
antigen29|Q2FYP2|BA000018.3|mhcii|seq6265	N_231661	81.82	22	4	0	1	22	375	396	2e-07	44.3
antigen29|Q2FYP2|BA000018.3|mhcii|seq6266	N_231661	82.61	23	4	0	1	23	375	397	4e-08	46.6
antigen29|Q2FYP2|BA000018.3|mhcii|seq6267	N_231661	82.61	23	4	0	1	23	375	397	3e-08	47.0
antigen29|Q2FYP2|BA000018.3|mhcii|seq6268	N_231661	82.61	23	4	0	1	23	375	397	3e-08	47.0
antigen29|Q2FYP2|BA000018.3|mhcii|seq6295	N_231661	90.91	22	2	0	1	22	429	450	7e-07	42.7
antigen29|Q2FYP2|BA000018.3|mhcii|seq6296	N_231661	91.30	23	2	0	1	23	429	451	2e-07	44.3
antigen29|Q2FYP2|BA000018.3|mhcii|seq6297	N_231661	91.67	24	2	0	1	24	429	452	8e-08	45.8
antigen29|Q2FYP2|BA000018.3|mhcii|seq6298	N_231661	91.67	24	2	0	1	24	429	452	7e-08	45.8
antigen29|Q2FYP2|BA000018.3|mhcii|seq6326	N_231661	82.61	23	4	0	1	23	441	463	4e-07	43.9
antigen29|Q2FYP2|BA000018.3|mhcii|seq6327	N_231661	83.33	24	4	0	1	24	441	464	8e-08	45.8
antigen29|Q2FYP2|BA000018.3|mhcii|seq6328	N_231661	84.00	25	4	0	1	25	441	465	4e-08	47.0
antigen29|Q2FYP2|BA000018.3|mhcii|seq6351	N_231661	94.44	18	1	0	1	18	209	226	4e-07	43.5
antigen29|Q2FYP2|BA000018.3|mhcii|seq6352	N_231661	94.74	19	1	0	1	19	209	227	5e-08	45.8
antigen29|Q2FYP2|BA000018.3|mhcii|seq6353	N_231661	94.74	19	1	0	1	19	209	227	5e-08	46.2
antigen29|Q2FYP2|BA000018.3|mhcii|seq6354	N_231661	90.48	21	2	0	1	21	209	229	2e-08	47.4
antigen29|Q2FYP2|BA000018.3|mhcii|seq6355	N_231661	90.91	22	2	0	1	22	209	230	4e-09	49.3
antigen29|Q2FYP2|BA000018.3|mhcii|seq6356	N_231661	86.96	23	3	0	1	23	209	231	4e-09	49.7
antigen29|Q2FYP2|BA000018.3|mhcii|seq6357	N_231661	83.33	24	4	0	1	24	209	232	1e-09	50.8
antigen29|Q2FYP2|BA000018.3|mhcii|seq6358	N_231661	84.00	25	4	0	1	25	209	233	1e-10	53.5
antigen29|Q2FYP2|BA000018.3|mhcii|seq6408	N_231661	82.61	23	4	0	1	23	451	473	6e-07	43.1
antigen29|Q2FYP2|BA000018.3|mhcii|seq6409	N_231661	83.33	24	4	0	1	24	451	474	2e-07	44.7
antigen29|Q2FYP2|BA000018.3|mhcii|seq6410	N_231661	84.00	25	4	0	1	25	451	475	4e-08	46.6
antigen29|Q2FYP2|BA000018.3|mhcii|seq6425	N_231661	88.00	25	3	0	1	25	279	303	9e-07	42.7
antigen29|Q2FYP2|BA000018.3|mhcii|seq6440	N_231661	88.00	25	3	0	1	25	277	301	5e-07	43.5
antigen29|Q2FYP2|BA000018.3|mhcii|seq6470	N_231661	76.00	25	6	0	1	25	169	193	5e-08	46.6
antigen29|Q2FYP2|BA000018.3|mhcii|seq6497	N_231661	90.91	22	2	0	1	22	8	29	7e-08	45.8
antigen29|Q2FYP2|BA000018.3|mhcii|seq6498	N_231661	91.30	23	2	0	1	23	8	30	7e-09	48.9
antigen29|Q2FYP2|BA000018.3|mhcii|seq6499	N_231661	91.67	24	2	0	1	24	8	31	9e-10	51.2
antigen29|Q2FYP2|BA000018.3|mhcii|seq6500	N_231661	92.00	25	2	0	1	25	8	32	3e-10	52.8
antigen29|Q2FYP2|BA000018.3|mhcii|seq6513	N_231661	73.91	23	6	0	1	23	383	405	7e-07	42.7
antigen29|Q2FYP2|BA000018.3|mhcii|seq6514	N_231661	75.00	24	6	0	1	24	383	406	2e-07	44.7
antigen29|Q2FYP2|BA000018.3|mhcii|seq6515	N_231661	76.00	25	6	0	1	25	383	407	3e-08	47.0
antigen29|Q2FYP2|BA000018.3|mhcii|seq6559	N_231661	83.33	24	4	0	1	24	284	307	3e-07	44.3
antigen29|Q2FYP2|BA000018.3|mhcii|seq6560	N_231661	83.33	24	4	0	1	24	284	307	4e-07	43.9
antigen29|Q2FYP2|BA000018.3|mhcii|seq6570	N_231661	85.00	20	3	0	1	20	301	320	4e-07	43.5
antigen29|Q2FYP2|BA000018.3|mhcii|seq6571	N_231661	85.00	20	3	0	1	20	301	320	4e-07	43.5
antigen29|Q2FYP2|BA000018.3|mhcii|seq6572	N_231661	81.82	22	4	0	1	22	301	322	3e-07	44.3
antigen29|Q2FYP2|BA000018.3|mhcii|seq6573	N_231661	78.26	23	5	0	1	23	301	323	2e-07	44.7
antigen29|Q2FYP2|BA000018.3|mhcii|seq6574	N_231661	78.26	23	5	0	1	23	301	323	3e-07	44.3
antigen29|Q2FYP2|BA000018.3|mhcii|seq6575	N_231661	76.00	25	6	0	1	25	301	325	9e-08	45.8
antigen29|Q2FYP2|BA000018.3|mhcii|seq6588	N_231661	82.61	23	4	0	1	23	456	478	1e-06	42.4
antigen29|Q2FYP2|BA000018.3|mhcii|seq6589	N_231661	83.33	24	4	0	1	24	456	479	2e-07	44.3
antigen29|Q2FYP2|BA000018.3|mhcii|seq6590	N_231661	80.00	25	5	0	1	25	456	480	2e-07	44.7
antigen29|Q2FYP2|BA000018.3|mhcii|seq6614	N_231661	89.47	19	2	0	1	19	300	318	6e-07	43.1
antigen29|Q2FYP2|BA000018.3|mhcii|seq6615	N_231661	85.00	20	3	0	1	20	300	319	5e-07	43.1
antigen29|Q2FYP2|BA000018.3|mhcii|seq6616	N_231661	85.71	21	3	0	1	21	300	320	1e-07	45.1
antigen29|Q2FYP2|BA000018.3|mhcii|seq6617	N_231661	85.71	21	3	0	1	21	300	320	1e-07	45.1
antigen29|Q2FYP2|BA000018.3|mhcii|seq6618	N_231661	82.61	23	4	0	1	23	300	322	8e-08	45.8
antigen29|Q2FYP2|BA000018.3|mhcii|seq6619	N_231661	79.17	24	5	0	1	24	300	323	6e-08	46.2
antigen29|Q2FYP2|BA000018.3|mhcii|seq6620	N_231661	79.17	24	5	0	1	24	300	323	8e-08	45.8
antigen29|Q2FYP2|BA000018.3|mhcii|seq6648	N_231661	82.61	23	4	0	1	23	438	460	5e-07	43.1
antigen29|Q2FYP2|BA000018.3|mhcii|seq6649	N_231661	83.33	24	4	0	1	24	438	461	2e-07	45.1
antigen29|Q2FYP2|BA000018.3|mhcii|seq6650	N_231661	80.00	25	5	0	1	25	438	462	1e-07	45.4
antigen29|Q2FYP2|BA000018.3|mhcii|seq6661	N_231661	90.00	20	2	0	2	21	193	212	5e-07	43.1
antigen29|Q2FYP2|BA000018.3|mhcii|seq6662	N_231661	90.48	21	2	0	2	22	193	213	5e-08	46.2
antigen29|Q2FYP2|BA000018.3|mhcii|seq6663	N_231661	90.91	22	2	0	2	23	193	214	7e-09	48.9
antigen29|Q2FYP2|BA000018.3|mhcii|seq6664	N_231661	91.30	23	2	0	2	24	193	215	2e-09	50.4
antigen29|Q2FYP2|BA000018.3|mhcii|seq6665	N_231661	91.67	24	2	0	2	25	193	216	4e-10	52.4
antigen29|Q2FYP2|BA000018.3|mhcii|seq6692	N_231661	77.27	22	5	0	1	22	385	406	4e-07	43.5
antigen29|Q2FYP2|BA000018.3|mhcii|seq6693	N_231661	78.26	23	5	0	1	23	385	407	6e-08	46.2
antigen29|Q2FYP2|BA000018.3|mhcii|seq6694	N_231661	79.17	24	5	0	1	24	385	408	1e-08	48.5
antigen29|Q2FYP2|BA000018.3|mhcii|seq6695	N_231661	80.00	25	5	0	1	25	385	409	2e-09	50.8
antigen29|Q2FYP2|BA000018.3|mhcii|seq6724	N_231661	86.96	23	3	0	2	24	6	28	3e-07	44.3
antigen29|Q2FYP2|BA000018.3|mhcii|seq6725	N_231661	87.50	24	3	0	2	25	6	29	2e-08	47.8
antigen29|Q2FYP2|BA000018.3|mhcii|seq6734	N_231661	94.74	19	1	0	1	19	25	43	4e-07	43.5
antigen29|Q2FYP2|BA000018.3|mhcii|seq6735	N_231661	95.00	20	1	0	1	20	25	44	1e-07	45.1
antigen29|Q2FYP2|BA000018.3|mhcii|seq6736	N_231661	95.24	21	1	0	1	21	25	45	3e-08	47.0
antigen29|Q2FYP2|BA000018.3|mhcii|seq6737	N_231661	90.91	22	2	0	1	22	25	46	1e-08	48.1
antigen29|Q2FYP2|BA000018.3|mhcii|seq6738	N_231661	91.30	23	2	0	1	23	25	47	3e-09	49.7
antigen29|Q2FYP2|BA000018.3|mhcii|seq6739	N_231661	91.67	24	2	0	1	24	25	48	1e-09	51.2
antigen29|Q2FYP2|BA000018.3|mhcii|seq6740	N_231661	92.00	25	2	0	1	25	25	49	2e-10	53.5
antigen29|Q2FYP2|BA000018.3|mhcii|seq6752	N_231661	86.36	22	3	0	1	22	415	436	9e-07	42.7
antigen29|Q2FYP2|BA000018.3|mhcii|seq6753	N_231661	86.96	23	3	0	1	23	415	437	2e-07	44.7
antigen29|Q2FYP2|BA000018.3|mhcii|seq6754	N_231661	83.33	24	4	0	1	24	415	438	1e-07	45.1
antigen29|Q2FYP2|BA000018.3|mhcii|seq6755	N_231661	84.00	25	4	0	1	25	415	439	3e-08	47.0
antigen29|Q2FYP2|BA000018.3|mhcii|seq6783	N_231661	86.96	23	3	0	1	23	417	439	3e-07	43.9
antigen29|Q2FYP2|BA000018.3|mhcii|seq6784	N_231661	87.50	24	3	0	1	24	417	440	1e-07	45.4
antigen29|Q2FYP2|BA000018.3|mhcii|seq6785	N_231661	88.00	25	3	0	1	25	417	441	3e-08	47.0
antigen29|Q2FYP2|BA000018.3|mhcii|seq6810	N_231661	85.00	20	3	0	1	20	220	239	8e-07	42.7
antigen29|Q2FYP2|BA000018.3|mhcii|seq6811	N_231661	85.71	21	3	0	1	21	220	240	1e-08	47.8
antigen29|Q2FYP2|BA000018.3|mhcii|seq6812	N_231661	86.36	22	3	0	1	22	220	241	2e-09	50.4
antigen29|Q2FYP2|BA000018.3|mhcii|seq6813	N_231661	82.61	23	4	0	1	23	220	242	1e-09	51.2
antigen29|Q2FYP2|BA000018.3|mhcii|seq6814	N_231661	83.33	24	4	0	1	24	220	243	3e-10	52.4
antigen29|Q2FYP2|BA000018.3|mhcii|seq6815	N_231661	84.00	25	4	0	1	25	220	244	1e-10	53.9
antigen29|Q2FYP2|BA000018.3|mhcii|seq6874	N_231661	75.00	24	6	0	1	24	360	383	9e-07	42.7
antigen29|Q2FYP2|BA000018.3|mhcii|seq6875	N_231661	75.00	24	6	0	1	24	360	383	8e-07	42.7
antigen29|Q2FYP2|BA000018.3|mhcii|seq6905	N_231661	76.00	25	6	0	1	25	183	207	4e-07	43.9
antigen29|Q2FYP2|BA000018.3|mhcii|seq6920	N_231661	76.00	25	6	0	1	25	467	491	6e-07	43.5
antigen29|Q2FYP2|BA000018.3|mhcii|seq6949	N_231661	75.00	24	6	0	1	24	382	405	1e-07	45.1
antigen29|Q2FYP2|BA000018.3|mhcii|seq6950	N_231661	76.00	25	6	0	1	25	382	406	4e-08	47.0
antigen29|Q2FYP2|BA000018.3|mhcii|seq6963	N_231661	86.96	23	3	0	1	23	283	305	6e-07	43.1
antigen29|Q2FYP2|BA000018.3|mhcii|seq6964	N_231661	83.33	24	4	0	1	24	283	306	2e-07	44.3
antigen29|Q2FYP2|BA000018.3|mhcii|seq6965	N_231661	84.00	25	4	0	1	25	283	307	6e-08	46.2
antigen29|Q2FYP2|BA000018.3|mhcii|seq6994	N_231661	75.00	24	6	0	1	24	359	382	4e-07	43.9
antigen29|Q2FYP2|BA000018.3|mhcii|seq6995	N_231661	76.00	25	6	0	1	25	359	383	1e-07	45.4
antigen29|Q2FYP2|BA000018.3|mhcii|seq7009	N_231661	75.00	24	6	0	1	24	381	404	7e-07	43.1
antigen29|Q2FYP2|BA000018.3|mhcii|seq7010	N_231661	76.00	25	6	0	1	25	381	405	3e-08	47.0
antigen29|Q2FYP2|BA000018.3|mhcii|seq7018	N_231661	94.44	18	1	0	1	18	204	221	9e-07	42.4
antigen29|Q2FYP2|BA000018.3|mhcii|seq7019	N_231661	94.74	19	1	0	1	19	204	222	2e-07	43.9
antigen29|Q2FYP2|BA000018.3|mhcii|seq7020	N_231661	95.00	20	1	0	1	20	204	223	7e-08	45.8
antigen29|Q2FYP2|BA000018.3|mhcii|seq7021	N_231661	95.24	21	1	0	1	21	204	224	1e-08	48.1
antigen29|Q2FYP2|BA000018.3|mhcii|seq7022	N_231661	95.45	22	1	0	1	22	204	225	3e-09	49.7
antigen29|Q2FYP2|BA000018.3|mhcii|seq7023	N_231661	95.65	23	1	0	1	23	204	226	4e-10	52.4
antigen29|Q2FYP2|BA000018.3|mhcii|seq7024	N_231661	95.83	24	1	0	1	24	204	227	6e-11	54.7
antigen29|Q2FYP2|BA000018.3|mhcii|seq7025	N_231661	95.83	24	1	0	1	24	204	227	6e-11	54.7
antigen29|Q2FYP2|BA000018.3|mhcii|seq7035	N_231661	85.00	20	3	0	1	20	218	237	3e-07	43.9
antigen29|Q2FYP2|BA000018.3|mhcii|seq7036	N_231661	85.71	21	3	0	1	21	218	238	4e-08	46.6
antigen29|Q2FYP2|BA000018.3|mhcii|seq7037	N_231661	86.36	22	3	0	1	22	218	239	5e-09	48.9
antigen29|Q2FYP2|BA000018.3|mhcii|seq7038	N_231661	86.96	23	3	0	1	23	218	240	2e-10	53.5
antigen29|Q2FYP2|BA000018.3|mhcii|seq7039	N_231661	87.50	24	3	0	1	24	218	241	2e-11	56.2
antigen29|Q2FYP2|BA000018.3|mhcii|seq7040	N_231661	84.00	25	4	0	1	25	218	242	1e-11	57.0
antigen29|Q2FYP2|BA000018.3|mhcii|seq7054	N_231661	79.17	24	4	1	1	24	403	425	2e-07	44.7
antigen29|Q2FYP2|BA000018.3|mhcii|seq7055	N_231661	80.00	25	4	1	1	25	403	426	3e-08	47.0
antigen29|Q2FYP2|BA000018.3|mhcii|seq7068	N_231661	78.26	23	5	0	1	23	234	256	4e-07	43.5
antigen29|Q2FYP2|BA000018.3|mhcii|seq7069	N_231661	79.17	24	5	0	1	24	234	257	1e-07	45.4
antigen29|Q2FYP2|BA000018.3|mhcii|seq7070	N_231661	80.00	25	5	0	1	25	234	258	3e-08	47.0
antigen29|Q2FYP2|BA000018.3|mhcii|seq7098	N_231661	82.61	23	4	0	1	23	85	107	9e-07	42.7
antigen29|Q2FYP2|BA000018.3|mhcii|seq7099	N_231661	83.33	24	4	0	1	24	85	108	1e-07	45.1
antigen29|Q2FYP2|BA000018.3|mhcii|seq7100	N_231661	84.00	25	4	0	1	25	85	109	1e-08	48.1
antigen29|Q2FYP2|BA000018.3|mhcii|seq7109	N_231661	94.74	19	1	0	1	19	205	223	3e-07	43.9
antigen29|Q2FYP2|BA000018.3|mhcii|seq7110	N_231661	95.00	20	1	0	1	20	205	224	5e-08	46.2
antigen29|Q2FYP2|BA000018.3|mhcii|seq7111	N_231661	95.24	21	1	0	1	21	205	225	1e-08	47.8
antigen29|Q2FYP2|BA000018.3|mhcii|seq7112	N_231661	95.45	22	1	0	1	22	205	226	2e-09	50.4
antigen29|Q2FYP2|BA000018.3|mhcii|seq7113	N_231661	95.65	23	1	0	1	23	205	227	3e-10	52.8
antigen29|Q2FYP2|BA000018.3|mhcii|seq7114	N_231661	95.65	23	1	0	1	23	205	227	3e-10	52.8
antigen29|Q2FYP2|BA000018.3|mhcii|seq7115	N_231661	92.00	25	2	0	1	25	205	229	7e-11	54.7
antigen29|Q2FYP2|BA000018.3|mhcii|seq7143	N_231661	86.96	23	3	0	1	23	433	455	6e-07	43.1
antigen29|Q2FYP2|BA000018.3|mhcii|seq7144	N_231661	87.50	24	3	0	1	24	433	456	2e-07	44.7
antigen29|Q2FYP2|BA000018.3|mhcii|seq7145	N_231661	87.50	24	3	0	1	24	433	456	2e-07	44.3
antigen29|Q2FYP2|BA000018.3|mhcii|seq7201	N_231661	90.48	21	2	0	1	21	164	184	8e-07	42.7
antigen29|Q2FYP2|BA000018.3|mhcii|seq7202	N_231661	90.48	21	2	0	1	21	164	184	6e-07	43.1
antigen29|Q2FYP2|BA000018.3|mhcii|seq7203	N_231661	86.96	23	3	0	1	23	164	186	4e-07	43.9
antigen29|Q2FYP2|BA000018.3|mhcii|seq7204	N_231661	87.50	24	3	0	1	24	164	187	8e-08	45.8
antigen29|Q2FYP2|BA000018.3|mhcii|seq7205	N_231661	84.00	25	4	0	1	25	164	188	4e-08	46.6
antigen29|Q2FYP2|BA000018.3|mhcii|seq7219	N_231661	79.17	24	5	0	1	24	176	199	5e-07	43.5
antigen29|Q2FYP2|BA000018.3|mhcii|seq7220	N_231661	80.00	25	5	0	1	25	176	200	1e-07	45.4
antigen29|Q2FYP2|BA000018.3|mhcii|seq7233	N_231661	82.61	23	4	0	1	23	460	482	3e-07	43.9
antigen29|Q2FYP2|BA000018.3|mhcii|seq7234	N_231661	82.61	23	4	0	1	23	460	482	4e-07	43.9
antigen29|Q2FYP2|BA000018.3|mhcii|seq7235	N_231661	80.00	25	5	0	1	25	460	484	3e-07	44.3
antigen29|Q2FYP2|BA000018.3|mhcii|seq7247	N_231661	86.36	22	3	0	1	22	439	460	6e-07	43.1
antigen29|Q2FYP2|BA000018.3|mhcii|seq7248	N_231661	86.96	23	3	0	1	23	439	461	2e-07	44.7
antigen29|Q2FYP2|BA000018.3|mhcii|seq7249	N_231661	83.33	24	4	0	1	24	439	462	1e-07	45.4
antigen29|Q2FYP2|BA000018.3|mhcii|seq7250	N_231661	84.00	25	4	0	1	25	439	463	3e-08	47.0
antigen29|Q2FYP2|BA000018.3|mhcii|seq7262	N_231661	90.91	22	2	0	1	22	95	116	3e-07	43.9
antigen29|Q2FYP2|BA000018.3|mhcii|seq7263	N_231661	91.30	23	2	0	1	23	95	117	8e-08	45.8
antigen29|Q2FYP2|BA000018.3|mhcii|seq7264	N_231661	91.67	24	2	0	1	24	95	118	3e-08	47.0
antigen29|Q2FYP2|BA000018.3|mhcii|seq7265	N_231661	92.00	25	2	0	1	25	95	119	1e-09	50.8
antigen29|Q2FYP2|BA000018.3|mhcii|seq7289	N_231661	94.74	19	1	0	1	19	20	38	5e-07	43.1
antigen29|Q2FYP2|BA000018.3|mhcii|seq7290	N_231661	95.00	20	1	0	1	20	20	39	8e-08	45.4
antigen29|Q2FYP2|BA000018.3|mhcii|seq7291	N_231661	95.24	21	1	0	1	21	20	40	2e-08	47.4
antigen29|Q2FYP2|BA000018.3|mhcii|seq7292	N_231661	95.45	22	1	0	1	22	20	41	5e-09	48.9
antigen29|Q2FYP2|BA000018.3|mhcii|seq7293	N_231661	95.65	23	1	0	1	23	20	42	1e-09	50.8
antigen29|Q2FYP2|BA000018.3|mhcii|seq7294	N_231661	95.83	24	1	0	1	24	20	43	2e-10	53.5
antigen29|Q2FYP2|BA000018.3|mhcii|seq7295	N_231661	96.00	25	1	0	1	25	20	44	4e-11	55.1
antigen29|Q2FYP2|BA000018.3|mhcii|seq7337	N_231661	81.82	22	4	0	1	22	446	467	7e-07	43.1
antigen29|Q2FYP2|BA000018.3|mhcii|seq7338	N_231661	82.61	23	4	0	1	23	446	468	1e-07	45.4
antigen29|Q2FYP2|BA000018.3|mhcii|seq7339	N_231661	83.33	24	4	0	1	24	446	469	9e-09	48.5
antigen29|Q2FYP2|BA000018.3|mhcii|seq7340	N_231661	84.00	25	4	0	1	25	446	470	3e-09	50.1
antigen29|Q2FYP2|BA000018.3|mhcii|seq7363	N_231661	94.44	18	1	0	1	18	208	225	6e-07	43.1
antigen29|Q2FYP2|BA000018.3|mhcii|seq7364	N_231661	94.74	19	1	0	1	19	208	226	9e-08	45.4
antigen29|Q2FYP2|BA000018.3|mhcii|seq7365	N_231661	95.00	20	1	0	1	20	208	227	1e-08	47.8
antigen29|Q2FYP2|BA000018.3|mhcii|seq7366	N_231661	95.00	20	1	0	1	20	208	227	1e-08	48.1
antigen29|Q2FYP2|BA000018.3|mhcii|seq7367	N_231661	90.91	22	2	0	1	22	208	229	4e-09	49.3
antigen29|Q2FYP2|BA000018.3|mhcii|seq7368	N_231661	91.30	23	2	0	1	23	208	230	1e-09	51.2
antigen29|Q2FYP2|BA000018.3|mhcii|seq7369	N_231661	87.50	24	3	0	1	24	208	231	9e-10	51.2
antigen29|Q2FYP2|BA000018.3|mhcii|seq7370	N_231661	84.00	25	4	0	1	25	208	232	3e-10	52.8
antigen29|Q2FYP2|BA000018.3|mhcii|seq7405	N_231661	90.91	22	2	0	1	22	7	28	3e-07	43.9
antigen29|Q2FYP2|BA000018.3|mhcii|seq7406	N_231661	91.30	23	2	0	1	23	7	29	2e-08	47.8
antigen29|Q2FYP2|BA000018.3|mhcii|seq7407	N_231661	91.67	24	2	0	1	24	7	30	2e-09	50.4
antigen29|Q2FYP2|BA000018.3|mhcii|seq7408	N_231661	92.00	25	2	0	1	25	7	31	2e-10	53.1
antigen29|Q2FYP2|BA000018.3|mhcii|seq7422	N_231661	83.33	24	4	0	1	24	4	27	4e-07	43.9
antigen29|Q2FYP2|BA000018.3|mhcii|seq7423	N_231661	84.00	25	4	0	1	25	4	28	9e-08	45.8
antigen29|Q2FYP2|BA000018.3|mhcii|seq7437	N_231661	75.00	24	6	0	1	24	380	403	8e-07	42.7
antigen29|Q2FYP2|BA000018.3|mhcii|seq7438	N_231661	76.00	25	6	0	1	25	380	404	2e-07	44.7
antigen29|Q2FYP2|BA000018.3|mhcii|seq7452	N_231661	83.33	24	4	0	1	24	84	107	2e-07	44.3
antigen29|Q2FYP2|BA000018.3|mhcii|seq7453	N_231661	84.00	25	4	0	1	25	84	108	3e-08	47.0
antigen29|Q2FYP2|BA000018.3|mhcii|seq7461	N_231661	94.44	18	1	0	1	18	207	224	6e-07	43.1
antigen29|Q2FYP2|BA000018.3|mhcii|seq7462	N_231661	94.74	19	1	0	1	19	207	225	2e-07	44.7
antigen29|Q2FYP2|BA000018.3|mhcii|seq7463	N_231661	95.00	20	1	0	1	20	207	226	2e-08	47.0
antigen29|Q2FYP2|BA000018.3|mhcii|seq7464	N_231661	95.24	21	1	0	1	21	207	227	3e-09	49.7
antigen29|Q2FYP2|BA000018.3|mhcii|seq7465	N_231661	95.24	21	1	0	1	21	207	227	4e-09	49.7
antigen29|Q2FYP2|BA000018.3|mhcii|seq7466	N_231661	91.30	23	2	0	1	23	207	229	1e-09	51.2
antigen29|Q2FYP2|BA000018.3|mhcii|seq7467	N_231661	91.67	24	2	0	1	24	207	230	2e-10	52.8
antigen29|Q2FYP2|BA000018.3|mhcii|seq7468	N_231661	88.00	25	3	0	1	25	207	231	2e-10	53.1
antigen29|Q2FYP2|BA000018.3|mhcii|seq7479	N_231661	76.19	21	5	0	1	21	232	252	8e-07	42.7
antigen29|Q2FYP2|BA000018.3|mhcii|seq7480	N_231661	77.27	22	5	0	1	22	232	253	3e-07	43.9
antigen29|Q2FYP2|BA000018.3|mhcii|seq7481	N_231661	77.27	22	5	0	1	22	232	253	4e-07	43.5
antigen29|Q2FYP2|BA000018.3|mhcii|seq7482	N_231661	75.00	24	6	0	1	24	232	255	1e-07	45.1
antigen29|Q2FYP2|BA000018.3|mhcii|seq7483	N_231661	76.00	25	6	0	1	25	232	256	4e-08	46.6
antigen29|Q2FYP2|BA000018.3|mhcii|seq7493	N_231661	85.00	20	3	0	1	20	378	397	4e-07	43.5
antigen29|Q2FYP2|BA000018.3|mhcii|seq7494	N_231661	85.00	20	3	0	1	20	378	397	4e-07	43.5
antigen29|Q2FYP2|BA000018.3|mhcii|seq7495	N_231661	85.00	20	3	0	1	20	378	397	5e-07	43.5
antigen29|Q2FYP2|BA000018.3|mhcii|seq7496	N_231661	73.91	23	6	0	1	23	378	400	3e-07	44.3
antigen29|Q2FYP2|BA000018.3|mhcii|seq7497	N_231661	75.00	24	6	0	1	24	378	401	1e-07	45.4
antigen29|Q2FYP2|BA000018.3|mhcii|seq7498	N_231661	76.00	25	6	0	1	25	378	402	3e-08	47.4
antigen29|Q2FYP2|BA000018.3|mhcii|seq7508	N_231661	90.00	20	2	0	1	20	193	212	5e-07	43.1
antigen29|Q2FYP2|BA000018.3|mhcii|seq7509	N_231661	90.48	21	2	0	1	21	193	213	4e-08	46.2
antigen29|Q2FYP2|BA000018.3|mhcii|seq7510	N_231661	90.91	22	2	0	1	22	193	214	6e-09	48.9
antigen29|Q2FYP2|BA000018.3|mhcii|seq7511	N_231661	91.30	23	2	0	1	23	193	215	2e-09	50.4
antigen29|Q2FYP2|BA000018.3|mhcii|seq7512	N_231661	91.67	24	2	0	1	24	193	216	4e-10	52.4
antigen29|Q2FYP2|BA000018.3|mhcii|seq7513	N_231661	91.67	24	2	0	1	24	193	216	5e-10	52.0
antigen29|Q2FYP2|BA000018.3|mhcii|seq7527	N_231661	79.17	24	4	1	1	24	405	427	2e-07	44.7
antigen29|Q2FYP2|BA000018.3|mhcii|seq7528	N_231661	80.00	25	4	1	1	25	405	428	3e-08	47.4
antigen29|Q2FYP2|BA000018.3|mhcii|seq7573	N_231661	80.00	25	4	1	1	25	409	432	8e-07	42.7
antigen29|Q2FYP2|BA000018.3|mhcii|seq7617	N_231661	79.17	24	5	0	1	24	237	260	3e-07	43.9
antigen29|Q2FYP2|BA000018.3|mhcii|seq7618	N_231661	79.17	24	5	0	1	24	237	260	4e-07	43.9
antigen29|Q2FYP2|BA000018.3|mhcii|seq7646	N_231661	90.48	21	2	0	1	21	93	113	4e-07	43.5
antigen29|Q2FYP2|BA000018.3|mhcii|seq7647	N_231661	90.91	22	2	0	1	22	93	114	1e-07	45.4
antigen29|Q2FYP2|BA000018.3|mhcii|seq7648	N_231661	91.30	23	2	0	1	23	93	115	1e-08	47.8
antigen29|Q2FYP2|BA000018.3|mhcii|seq7649	N_231661	91.67	24	2	0	1	24	93	116	1e-08	48.1
antigen29|Q2FYP2|BA000018.3|mhcii|seq7650	N_231661	92.00	25	2	0	1	25	93	117	3e-09	49.7
antigen29|Q2FYP2|BA000018.3|mhcii|seq7661	N_231661	80.95	21	4	0	1	21	386	406	6e-07	43.1
antigen29|Q2FYP2|BA000018.3|mhcii|seq7662	N_231661	81.82	22	4	0	1	22	386	407	9e-08	45.4
antigen29|Q2FYP2|BA000018.3|mhcii|seq7663	N_231661	82.61	23	4	0	1	23	386	408	2e-08	47.8
antigen29|Q2FYP2|BA000018.3|mhcii|seq7664	N_231661	83.33	24	4	0	1	24	386	409	3e-09	50.1
antigen29|Q2FYP2|BA000018.3|mhcii|seq7665	N_231661	80.00	25	5	0	1	25	386	410	1e-09	50.8
antigen29|Q2FYP2|BA000018.3|mhcii|seq7675	N_231661	95.00	20	1	0	1	20	30	49	3e-07	43.9
antigen29|Q2FYP2|BA000018.3|mhcii|seq7676	N_231661	95.24	21	1	0	1	21	30	50	1e-07	45.4
antigen29|Q2FYP2|BA000018.3|mhcii|seq7677	N_231661	90.91	22	2	0	1	22	30	51	6e-08	45.8
antigen29|Q2FYP2|BA000018.3|mhcii|seq7678	N_231661	86.96	23	3	0	1	23	30	52	2e-07	44.7
antigen29|Q2FYP2|BA000018.3|mhcii|seq7679	N_231661	86.96	23	3	0	1	23	30	52	2e-07	45.1
antigen29|Q2FYP2|BA000018.3|mhcii|seq7680	N_231661	84.00	25	4	0	1	25	30	54	3e-08	47.0
antigen29|Q2FYP2|BA000018.3|mhcii|seq7689	N_231661	100.00	19	0	0	1	19	103	121	7e-07	42.7
antigen29|Q2FYP2|BA000018.3|mhcii|seq7690	N_231661	100.00	20	0	0	1	20	103	122	1e-07	45.1
antigen29|Q2FYP2|BA000018.3|mhcii|seq7691	N_231661	100.00	21	0	0	1	21	103	123	2e-08	47.4
antigen29|Q2FYP2|BA000018.3|mhcii|seq7692	N_231661	100.00	22	0	0	1	22	103	124	1e-08	48.1
antigen29|Q2FYP2|BA000018.3|mhcii|seq7693	N_231661	100.00	23	0	0	1	23	103	125	2e-09	50.4
antigen29|Q2FYP2|BA000018.3|mhcii|seq7694	N_231661	95.83	24	1	0	1	24	103	126	8e-10	51.6
antigen29|Q2FYP2|BA000018.3|mhcii|seq7695	N_231661	96.00	25	1	0	1	25	103	127	1e-10	53.9
antigen29|Q2FYP2|BA000018.3|mhcii|seq7710	N_231661	72.00	25	7	0	1	25	304	328	6e-07	43.1
antigen29|Q2FYP2|BA000018.3|mhcii|seq7736	N_231661	80.95	21	4	0	1	21	233	253	9e-07	42.7
antigen29|Q2FYP2|BA000018.3|mhcii|seq7738	N_231661	78.26	23	5	0	1	23	233	255	3e-07	43.9
antigen29|Q2FYP2|BA000018.3|mhcii|seq7739	N_231661	79.17	24	5	0	1	24	233	256	7e-08	45.8
antigen29|Q2FYP2|BA000018.3|mhcii|seq7740	N_231661	80.00	25	5	0	1	25	233	257	2e-08	47.8
