#Rates were calculated using Maximim Likelihood
#The likelihood of the data given the tree is: 
#LL=-222.441
#SEQ: the amino acid in the reference sequence in one letter code.
#SCORE: The conservation scores. lower value = higher conservation.
#MSA DATA: The number of aligned sequences having an amino acid (non-gapped) from the overall number of sequences at each position.

#POS SEQ  SCORE     MSA DATA
1    L    -0.1857   2/2
2    T    -0.1857   2/2
3    V    -0.1857   2/2
4    W    -0.1857   2/2
5    L    -0.1857   2/2
6    G    -0.1857   2/2
7    G    -0.1857   2/2
8    A    -0.1857   2/2
9    Y    -0.1857   2/2
10   I    -0.1857   2/2
11   A    -0.1857   2/2
12   P    -0.1857   2/2
13   Q    -0.1857   2/2
14   R    -0.1857   2/2
15   G    -0.1857   2/2
16   R    -0.1857   2/2
17   R    -0.1857   2/2
18   R    -0.1857   2/2
19   R    -0.1857   2/2
20   Q    -0.1857   2/2
21   R    -0.1857   2/2
22   Q    -0.1857   2/2
23   S    -0.1857   2/2
24   D    -0.1857   2/2
25   A    -0.1857   2/2
26   S    5.1995    2/2
27   L    -0.1857   2/2
28   S    -0.1857   2/2
29   Y    -0.1857   2/2
#Average = 0.0000
#Standard Deviation = 1.0000
