#Rates were calculated using Maximim Likelihood
#The likelihood of the data given the tree is: 
#LL=-717.272
#SEQ: the amino acid in the reference sequence in one letter code.
#SCORE: The conservation scores. lower value = higher conservation.
#MSA DATA: The number of aligned sequences having an amino acid (non-gapped) from the overall number of sequences at each position.

#POS SEQ  SCORE     MSA DATA
1    M    -0.4306   2/2
2    F    -0.6078   2/2
3    G    -0.2428   2/2
4    V    2.3572    2/2
5    H    -0.4577   2/2
6    F    -0.4110   2/2
7    G    -0.6078   2/2
8    A    2.3572    2/2
9    N    -0.0943   2/2
10   C    -0.6078   2/2
11   V    2.3570    2/2
12   G    -0.6078   2/2
13   E    0.1023    2/2
14   A    -0.6078   2/2
15   G    0.4499    2/2
16   E    -0.2993   2/2
17   N    -0.4226   2/2
18   S    -0.4714   2/2
19   A    0.1143    2/2
20   C    -0.6078   2/2
21   L    2.3572    2/2
22   Y    -0.6078   2/2
23   G    -0.6078   2/2
24   G    -0.6078   2/2
25   V    -0.6078   2/2
26   T    -0.6078   2/2
27   F    -0.3197   2/2
28   H    0.2076    2/2
29   E    -0.4677   2/2
#Average = 0.0000
#Standard Deviation = 1.0000
